Archive member included to satisfy reference by file (symbol)

c:/st/stm32cubeide_1.6.1/stm32cubeide/plugins/com.st.stm32cube.ide.mcu.externaltools.gnu-tools-for-stm32.9-2020-q2-update.win32_1.5.0.202011040924/tools/bin/../lib/gcc/arm-none-eabi/9.3.1/../../../../arm-none-eabi/lib/thumb/v7e-m+fp/hard\libc_nano.a(lib_a-errno.o)
                              Src/syscalls.o (__errno)
c:/st/stm32cubeide_1.6.1/stm32cubeide/plugins/com.st.stm32cube.ide.mcu.externaltools.gnu-tools-for-stm32.9-2020-q2-update.win32_1.5.0.202011040924/tools/bin/../lib/gcc/arm-none-eabi/9.3.1/../../../../arm-none-eabi/lib/thumb/v7e-m+fp/hard\libc_nano.a(lib_a-exit.o)
                              c:/st/stm32cubeide_1.6.1/stm32cubeide/plugins/com.st.stm32cube.ide.mcu.externaltools.gnu-tools-for-stm32.9-2020-q2-update.win32_1.5.0.202011040924/tools/bin/../lib/gcc/arm-none-eabi/9.3.1/../../../../arm-none-eabi/lib/thumb/v7e-m+fp/hard/crt0.o (exit)
c:/st/stm32cubeide_1.6.1/stm32cubeide/plugins/com.st.stm32cube.ide.mcu.externaltools.gnu-tools-for-stm32.9-2020-q2-update.win32_1.5.0.202011040924/tools/bin/../lib/gcc/arm-none-eabi/9.3.1/../../../../arm-none-eabi/lib/thumb/v7e-m+fp/hard\libc_nano.a(lib_a-impure.o)
                              c:/st/stm32cubeide_1.6.1/stm32cubeide/plugins/com.st.stm32cube.ide.mcu.externaltools.gnu-tools-for-stm32.9-2020-q2-update.win32_1.5.0.202011040924/tools/bin/../lib/gcc/arm-none-eabi/9.3.1/../../../../arm-none-eabi/lib/thumb/v7e-m+fp/hard\libc_nano.a(lib_a-exit.o) (_global_impure_ptr)
c:/st/stm32cubeide_1.6.1/stm32cubeide/plugins/com.st.stm32cube.ide.mcu.externaltools.gnu-tools-for-stm32.9-2020-q2-update.win32_1.5.0.202011040924/tools/bin/../lib/gcc/arm-none-eabi/9.3.1/../../../../arm-none-eabi/lib/thumb/v7e-m+fp/hard\libc_nano.a(lib_a-init.o)
                              c:/st/stm32cubeide_1.6.1/stm32cubeide/plugins/com.st.stm32cube.ide.mcu.externaltools.gnu-tools-for-stm32.9-2020-q2-update.win32_1.5.0.202011040924/tools/bin/../lib/gcc/arm-none-eabi/9.3.1/../../../../arm-none-eabi/lib/thumb/v7e-m+fp/hard/crt0.o (__libc_init_array)
c:/st/stm32cubeide_1.6.1/stm32cubeide/plugins/com.st.stm32cube.ide.mcu.externaltools.gnu-tools-for-stm32.9-2020-q2-update.win32_1.5.0.202011040924/tools/bin/../lib/gcc/arm-none-eabi/9.3.1/../../../../arm-none-eabi/lib/thumb/v7e-m+fp/hard\libc_nano.a(lib_a-memset.o)
                              c:/st/stm32cubeide_1.6.1/stm32cubeide/plugins/com.st.stm32cube.ide.mcu.externaltools.gnu-tools-for-stm32.9-2020-q2-update.win32_1.5.0.202011040924/tools/bin/../lib/gcc/arm-none-eabi/9.3.1/../../../../arm-none-eabi/lib/thumb/v7e-m+fp/hard/crt0.o (memset)

Allocating common symbols
Common symbol       size              file

master_write_req    0x1               Src/main.o
i2c_handle          0x40              Src/main.o
master_rx_buffer    0x5               Src/main.o
master_read_req     0x1               Src/main.o
slave_rx_buffer     0x5               Src/main.o
SpiHandle           0x38              Src/main.o
slave_rcv_cmd       0x1               Src/main.o

Discarded input sections

 .text          0x0000000000000000        0x0 c:/st/stm32cubeide_1.6.1/stm32cubeide/plugins/com.st.stm32cube.ide.mcu.externaltools.gnu-tools-for-stm32.9-2020-q2-update.win32_1.5.0.202011040924/tools/bin/../lib/gcc/arm-none-eabi/9.3.1/thumb/v7e-m+fp/hard/crti.o
 .data          0x0000000000000000        0x0 c:/st/stm32cubeide_1.6.1/stm32cubeide/plugins/com.st.stm32cube.ide.mcu.externaltools.gnu-tools-for-stm32.9-2020-q2-update.win32_1.5.0.202011040924/tools/bin/../lib/gcc/arm-none-eabi/9.3.1/thumb/v7e-m+fp/hard/crti.o
 .bss           0x0000000000000000        0x0 c:/st/stm32cubeide_1.6.1/stm32cubeide/plugins/com.st.stm32cube.ide.mcu.externaltools.gnu-tools-for-stm32.9-2020-q2-update.win32_1.5.0.202011040924/tools/bin/../lib/gcc/arm-none-eabi/9.3.1/thumb/v7e-m+fp/hard/crti.o
 .data          0x0000000000000000        0x4 c:/st/stm32cubeide_1.6.1/stm32cubeide/plugins/com.st.stm32cube.ide.mcu.externaltools.gnu-tools-for-stm32.9-2020-q2-update.win32_1.5.0.202011040924/tools/bin/../lib/gcc/arm-none-eabi/9.3.1/thumb/v7e-m+fp/hard/crtbegin.o
 .text          0x0000000000000000       0x7c c:/st/stm32cubeide_1.6.1/stm32cubeide/plugins/com.st.stm32cube.ide.mcu.externaltools.gnu-tools-for-stm32.9-2020-q2-update.win32_1.5.0.202011040924/tools/bin/../lib/gcc/arm-none-eabi/9.3.1/../../../../arm-none-eabi/lib/thumb/v7e-m+fp/hard/crt0.o
 .data          0x0000000000000000        0x0 c:/st/stm32cubeide_1.6.1/stm32cubeide/plugins/com.st.stm32cube.ide.mcu.externaltools.gnu-tools-for-stm32.9-2020-q2-update.win32_1.5.0.202011040924/tools/bin/../lib/gcc/arm-none-eabi/9.3.1/../../../../arm-none-eabi/lib/thumb/v7e-m+fp/hard/crt0.o
 .bss           0x0000000000000000        0x0 c:/st/stm32cubeide_1.6.1/stm32cubeide/plugins/com.st.stm32cube.ide.mcu.externaltools.gnu-tools-for-stm32.9-2020-q2-update.win32_1.5.0.202011040924/tools/bin/../lib/gcc/arm-none-eabi/9.3.1/../../../../arm-none-eabi/lib/thumb/v7e-m+fp/hard/crt0.o
 .ARM.extab     0x0000000000000000        0x0 c:/st/stm32cubeide_1.6.1/stm32cubeide/plugins/com.st.stm32cube.ide.mcu.externaltools.gnu-tools-for-stm32.9-2020-q2-update.win32_1.5.0.202011040924/tools/bin/../lib/gcc/arm-none-eabi/9.3.1/../../../../arm-none-eabi/lib/thumb/v7e-m+fp/hard/crt0.o
 .ARM.exidx     0x0000000000000000       0x10 c:/st/stm32cubeide_1.6.1/stm32cubeide/plugins/com.st.stm32cube.ide.mcu.externaltools.gnu-tools-for-stm32.9-2020-q2-update.win32_1.5.0.202011040924/tools/bin/../lib/gcc/arm-none-eabi/9.3.1/../../../../arm-none-eabi/lib/thumb/v7e-m+fp/hard/crt0.o
 .ARM.attributes
                0x0000000000000000       0x1c c:/st/stm32cubeide_1.6.1/stm32cubeide/plugins/com.st.stm32cube.ide.mcu.externaltools.gnu-tools-for-stm32.9-2020-q2-update.win32_1.5.0.202011040924/tools/bin/../lib/gcc/arm-none-eabi/9.3.1/../../../../arm-none-eabi/lib/thumb/v7e-m+fp/hard/crt0.o
 .group         0x0000000000000000        0xc Src/SPI_driver.o
 .group         0x0000000000000000        0xc Src/SPI_driver.o
 .group         0x0000000000000000        0xc Src/SPI_driver.o
 .group         0x0000000000000000        0xc Src/SPI_driver.o
 .group         0x0000000000000000        0xc Src/SPI_driver.o
 .group         0x0000000000000000        0xc Src/SPI_driver.o
 .group         0x0000000000000000        0xc Src/SPI_driver.o
 .group         0x0000000000000000        0xc Src/SPI_driver.o
 .group         0x0000000000000000        0xc Src/SPI_driver.o
 .group         0x0000000000000000        0xc Src/SPI_driver.o
 .group         0x0000000000000000        0xc Src/SPI_driver.o
 .group         0x0000000000000000        0xc Src/SPI_driver.o
 .group         0x0000000000000000        0xc Src/SPI_driver.o
 .group         0x0000000000000000        0xc Src/SPI_driver.o
 .group         0x0000000000000000        0xc Src/SPI_driver.o
 .group         0x0000000000000000        0xc Src/SPI_driver.o
 .group         0x0000000000000000        0xc Src/SPI_driver.o
 .group         0x0000000000000000        0xc Src/SPI_driver.o
 .text          0x0000000000000000        0x0 Src/SPI_driver.o
 .data          0x0000000000000000        0x0 Src/SPI_driver.o
 .bss           0x0000000000000000        0x0 Src/SPI_driver.o
 .text.hal_spi_enable
                0x0000000000000000       0x2c Src/SPI_driver.o
 .text.hal_spi_disable
                0x0000000000000000       0x20 Src/SPI_driver.o
 .text.hal_spi_enable_txe_interrupt
                0x0000000000000000       0x20 Src/SPI_driver.o
 .text.hal_spi_enable_rxne_interrupt
                0x0000000000000000       0x20 Src/SPI_driver.o
 .text.hal_spi_master_tx
                0x0000000000000000       0x52 Src/SPI_driver.o
 .bss.dummu_tx  0x0000000000000000        0x2 Src/SPI_driver.o
 .text.hal_spi_master_rx
                0x0000000000000000       0x78 Src/SPI_driver.o
 .bss.dummy_rx  0x0000000000000000        0xa Src/SPI_driver.o
 .text.hal_spi_slave_tx
                0x0000000000000000       0x6c Src/SPI_driver.o
 .text.hal_spi_slave_rx
                0x0000000000000000       0x46 Src/SPI_driver.o
 .group         0x0000000000000000        0xc Src/gpio_driver.o
 .group         0x0000000000000000        0xc Src/gpio_driver.o
 .group         0x0000000000000000        0xc Src/gpio_driver.o
 .group         0x0000000000000000        0xc Src/gpio_driver.o
 .group         0x0000000000000000        0xc Src/gpio_driver.o
 .group         0x0000000000000000        0xc Src/gpio_driver.o
 .group         0x0000000000000000        0xc Src/gpio_driver.o
 .group         0x0000000000000000        0xc Src/gpio_driver.o
 .group         0x0000000000000000        0xc Src/gpio_driver.o
 .group         0x0000000000000000        0xc Src/gpio_driver.o
 .group         0x0000000000000000        0xc Src/gpio_driver.o
 .group         0x0000000000000000        0xc Src/gpio_driver.o
 .group         0x0000000000000000        0xc Src/gpio_driver.o
 .group         0x0000000000000000        0xc Src/gpio_driver.o
 .group         0x0000000000000000        0xc Src/gpio_driver.o
 .group         0x0000000000000000        0xc Src/gpio_driver.o
 .group         0x0000000000000000        0xc Src/gpio_driver.o
 .text          0x0000000000000000        0x0 Src/gpio_driver.o
 .data          0x0000000000000000        0x0 Src/gpio_driver.o
 .bss           0x0000000000000000        0x0 Src/gpio_driver.o
 .debug_macro   0x0000000000000000      0xab4 Src/gpio_driver.o
 .debug_macro   0x0000000000000000       0x22 Src/gpio_driver.o
 .debug_macro   0x0000000000000000       0x8e Src/gpio_driver.o
 .debug_macro   0x0000000000000000       0x51 Src/gpio_driver.o
 .debug_macro   0x0000000000000000      0x103 Src/gpio_driver.o
 .debug_macro   0x0000000000000000       0x6a Src/gpio_driver.o
 .debug_macro   0x0000000000000000      0x1df Src/gpio_driver.o
 .debug_macro   0x0000000000000000       0x28 Src/gpio_driver.o
 .debug_macro   0x0000000000000000       0x2f Src/gpio_driver.o
 .debug_macro   0x0000000000000000       0x1c Src/gpio_driver.o
 .debug_macro   0x0000000000000000       0x22 Src/gpio_driver.o
 .debug_macro   0x0000000000000000       0xdf Src/gpio_driver.o
 .debug_macro   0x0000000000000000     0x102d Src/gpio_driver.o
 .debug_macro   0x0000000000000000      0x11f Src/gpio_driver.o
 .debug_macro   0x0000000000000000    0x15e3c Src/gpio_driver.o
 .debug_macro   0x0000000000000000       0x43 Src/gpio_driver.o
 .debug_macro   0x0000000000000000       0xbe Src/gpio_driver.o
 .group         0x0000000000000000        0xc Src/i2c_int_handler.o
 .group         0x0000000000000000        0xc Src/i2c_int_handler.o
 .group         0x0000000000000000        0xc Src/i2c_int_handler.o
 .group         0x0000000000000000        0xc Src/i2c_int_handler.o
 .group         0x0000000000000000        0xc Src/i2c_int_handler.o
 .group         0x0000000000000000        0xc Src/i2c_int_handler.o
 .group         0x0000000000000000        0xc Src/i2c_int_handler.o
 .group         0x0000000000000000        0xc Src/i2c_int_handler.o
 .group         0x0000000000000000        0xc Src/i2c_int_handler.o
 .group         0x0000000000000000        0xc Src/i2c_int_handler.o
 .group         0x0000000000000000        0xc Src/i2c_int_handler.o
 .group         0x0000000000000000        0xc Src/i2c_int_handler.o
 .group         0x0000000000000000        0xc Src/i2c_int_handler.o
 .group         0x0000000000000000        0xc Src/i2c_int_handler.o
 .group         0x0000000000000000        0xc Src/i2c_int_handler.o
 .group         0x0000000000000000        0xc Src/i2c_int_handler.o
 .group         0x0000000000000000        0xc Src/i2c_int_handler.o
 .group         0x0000000000000000        0xc Src/i2c_int_handler.o
 .text          0x0000000000000000        0x0 Src/i2c_int_handler.o
 .data          0x0000000000000000        0x0 Src/i2c_int_handler.o
 .bss           0x0000000000000000        0x0 Src/i2c_int_handler.o
 .text.I2C_MasterTransmit_TXE
                0x0000000000000000       0x48 Src/i2c_int_handler.o
 .text.HAL_I2C_MemTxCpltCallback
                0x0000000000000000       0x14 Src/i2c_int_handler.o
 .text.HAL_I2C_MasterTxCpltCallback
                0x0000000000000000       0x14 Src/i2c_int_handler.o
 .text.HAL_I2C_MemRxCpltCallback
                0x0000000000000000       0x14 Src/i2c_int_handler.o
 .text.HAL_I2C_SlaveRxCpltCallback
                0x0000000000000000       0x14 Src/i2c_int_handler.o
 .text.HAL_I2C_SlaveTxCpltCallback
                0x0000000000000000       0x14 Src/i2c_int_handler.o
 .text.HAL_I2C_MasterRxCpltCallback
                0x0000000000000000       0x14 Src/i2c_int_handler.o
 .text.I2C_MasterTransmit_BTF
                0x0000000000000000       0x9e Src/i2c_int_handler.o
 .text.I2C_MasterReceive_BTF
                0x0000000000000000      0x104 Src/i2c_int_handler.o
 .text.I2C_Slave_ADDR
                0x0000000000000000       0x24 Src/i2c_int_handler.o
 .text.hal_clear_stop_flag
                0x0000000000000000       0x2c Src/i2c_int_handler.o
 .text.I2C_Slave_STOPF
                0x0000000000000000       0x64 Src/i2c_int_handler.o
 .text.I2C_Slave_AF
                0x0000000000000000       0x6e Src/i2c_int_handler.o
 .text.I2C_SlaveTransmit_TXE
                0x0000000000000000       0x38 Src/i2c_int_handler.o
 .text.I2C_SlaveTransmit_BTF
                0x0000000000000000       0x38 Src/i2c_int_handler.o
 .text.I2C_MasterReceive_RXNE
                0x0000000000000000       0xd4 Src/i2c_int_handler.o
 .text.I2C_SlaveReceive_BTF
                0x0000000000000000       0x3a Src/i2c_int_handler.o
 .text.I2C_SlaveReceive_RXNE
                0x0000000000000000       0x3a Src/i2c_int_handler.o
 .text.HAL_I2C_EV_IRQHandler
                0x0000000000000000      0x228 Src/i2c_int_handler.o
 .text.HAL_I2C_ErrorCallback
                0x0000000000000000       0x34 Src/i2c_int_handler.o
 .text.HAL_I2C_ER_IRQHandler
                0x0000000000000000      0x176 Src/i2c_int_handler.o
 .debug_info    0x0000000000000000      0x796 Src/i2c_int_handler.o
 .debug_abbrev  0x0000000000000000      0x214 Src/i2c_int_handler.o
 .debug_aranges
                0x0000000000000000       0xc0 Src/i2c_int_handler.o
 .debug_ranges  0x0000000000000000       0xb0 Src/i2c_int_handler.o
 .debug_macro   0x0000000000000000      0x10e Src/i2c_int_handler.o
 .debug_macro   0x0000000000000000      0xab4 Src/i2c_int_handler.o
 .debug_macro   0x0000000000000000       0x22 Src/i2c_int_handler.o
 .debug_macro   0x0000000000000000       0x8e Src/i2c_int_handler.o
 .debug_macro   0x0000000000000000       0x51 Src/i2c_int_handler.o
 .debug_macro   0x0000000000000000      0x103 Src/i2c_int_handler.o
 .debug_macro   0x0000000000000000       0x6a Src/i2c_int_handler.o
 .debug_macro   0x0000000000000000      0x1df Src/i2c_int_handler.o
 .debug_macro   0x0000000000000000       0x28 Src/i2c_int_handler.o
 .debug_macro   0x0000000000000000       0x2f Src/i2c_int_handler.o
 .debug_macro   0x0000000000000000       0x1c Src/i2c_int_handler.o
 .debug_macro   0x0000000000000000       0x22 Src/i2c_int_handler.o
 .debug_macro   0x0000000000000000       0xdf Src/i2c_int_handler.o
 .debug_macro   0x0000000000000000     0x102d Src/i2c_int_handler.o
 .debug_macro   0x0000000000000000      0x11f Src/i2c_int_handler.o
 .debug_macro   0x0000000000000000    0x15e3c Src/i2c_int_handler.o
 .debug_macro   0x0000000000000000       0x43 Src/i2c_int_handler.o
 .debug_macro   0x0000000000000000       0xbe Src/i2c_int_handler.o
 .debug_macro   0x0000000000000000      0x1b8 Src/i2c_int_handler.o
 .debug_line    0x0000000000000000      0xbfb Src/i2c_int_handler.o
 .debug_str     0x0000000000000000    0x88e06 Src/i2c_int_handler.o
 .comment       0x0000000000000000       0x54 Src/i2c_int_handler.o
 .debug_frame   0x0000000000000000      0x338 Src/i2c_int_handler.o
 .ARM.attributes
                0x0000000000000000       0x34 Src/i2c_int_handler.o
 .group         0x0000000000000000        0xc Src/i2s_driver.o
 .group         0x0000000000000000        0xc Src/i2s_driver.o
 .group         0x0000000000000000        0xc Src/i2s_driver.o
 .group         0x0000000000000000        0xc Src/i2s_driver.o
 .group         0x0000000000000000        0xc Src/i2s_driver.o
 .group         0x0000000000000000        0xc Src/i2s_driver.o
 .group         0x0000000000000000        0xc Src/i2s_driver.o
 .group         0x0000000000000000        0xc Src/i2s_driver.o
 .group         0x0000000000000000        0xc Src/i2s_driver.o
 .group         0x0000000000000000        0xc Src/i2s_driver.o
 .group         0x0000000000000000        0xc Src/i2s_driver.o
 .group         0x0000000000000000        0xc Src/i2s_driver.o
 .group         0x0000000000000000        0xc Src/i2s_driver.o
 .group         0x0000000000000000        0xc Src/i2s_driver.o
 .group         0x0000000000000000        0xc Src/i2s_driver.o
 .group         0x0000000000000000        0xc Src/i2s_driver.o
 .group         0x0000000000000000        0xc Src/i2s_driver.o
 .group         0x0000000000000000        0xc Src/i2s_driver.o
 .text          0x0000000000000000        0x0 Src/i2s_driver.o
 .data          0x0000000000000000        0x0 Src/i2s_driver.o
 .bss           0x0000000000000000        0x0 Src/i2s_driver.o
 .text.hal_i2c_disable_peripheral
                0x0000000000000000       0x20 Src/i2s_driver.o
 .text.hal_i2c_set_fm_mode_duty_cycle
                0x0000000000000000       0x36 Src/i2s_driver.o
 .text.hal_i2c_generate_start_condition
                0x0000000000000000       0x20 Src/i2s_driver.o
 .text.hal_i2c_generate_stop_condition
                0x0000000000000000       0x20 Src/i2s_driver.o
 .text.i2c_bus_busy
                0x0000000000000000       0x26 Src/i2s_driver.o
 .text.i2c_wait_untill_sb_set
                0x0000000000000000       0x26 Src/i2s_driver.o
 .text.i2c_wait_untill_addr_set
                0x0000000000000000       0x26 Src/i2s_driver.o
 .text.hal_i2c_send_addr_first
                0x0000000000000000       0x1e Src/i2s_driver.o
 .text.clear_addr_flag
                0x0000000000000000       0x20 Src/i2s_driver.o
 .text.hal_i2c_master_tx
                0x0000000000000000       0xc8 Src/i2s_driver.o
 .text.hal_i2c_master_rx
                0x0000000000000000       0xd8 Src/i2s_driver.o
 .debug_macro   0x0000000000000000      0xab4 Src/i2s_driver.o
 .debug_macro   0x0000000000000000       0x22 Src/i2s_driver.o
 .debug_macro   0x0000000000000000       0x8e Src/i2s_driver.o
 .debug_macro   0x0000000000000000       0x51 Src/i2s_driver.o
 .debug_macro   0x0000000000000000      0x103 Src/i2s_driver.o
 .debug_macro   0x0000000000000000       0x6a Src/i2s_driver.o
 .debug_macro   0x0000000000000000      0x1df Src/i2s_driver.o
 .debug_macro   0x0000000000000000       0x28 Src/i2s_driver.o
 .debug_macro   0x0000000000000000       0x2f Src/i2s_driver.o
 .debug_macro   0x0000000000000000       0x1c Src/i2s_driver.o
 .debug_macro   0x0000000000000000       0x22 Src/i2s_driver.o
 .debug_macro   0x0000000000000000       0xdf Src/i2s_driver.o
 .debug_macro   0x0000000000000000     0x102d Src/i2s_driver.o
 .debug_macro   0x0000000000000000      0x11f Src/i2s_driver.o
 .debug_macro   0x0000000000000000    0x15e3c Src/i2s_driver.o
 .debug_macro   0x0000000000000000       0x43 Src/i2s_driver.o
 .debug_macro   0x0000000000000000       0xbe Src/i2s_driver.o
 .debug_macro   0x0000000000000000      0x1b8 Src/i2s_driver.o
 .group         0x0000000000000000        0xc Src/main.o
 .group         0x0000000000000000        0xc Src/main.o
 .group         0x0000000000000000        0xc Src/main.o
 .group         0x0000000000000000        0xc Src/main.o
 .group         0x0000000000000000        0xc Src/main.o
 .group         0x0000000000000000        0xc Src/main.o
 .group         0x0000000000000000        0xc Src/main.o
 .group         0x0000000000000000        0xc Src/main.o
 .group         0x0000000000000000        0xc Src/main.o
 .group         0x0000000000000000        0xc Src/main.o
 .group         0x0000000000000000        0xc Src/main.o
 .group         0x0000000000000000        0xc Src/main.o
 .group         0x0000000000000000        0xc Src/main.o
 .group         0x0000000000000000        0xc Src/main.o
 .group         0x0000000000000000        0xc Src/main.o
 .group         0x0000000000000000        0xc Src/main.o
 .group         0x0000000000000000        0xc Src/main.o
 .group         0x0000000000000000        0xc Src/main.o
 .group         0x0000000000000000        0xc Src/main.o
 .group         0x0000000000000000        0xc Src/main.o
 .group         0x0000000000000000        0xc Src/main.o
 .group         0x0000000000000000        0xc Src/main.o
 .group         0x0000000000000000        0xc Src/main.o
 .group         0x0000000000000000        0xc Src/main.o
 .group         0x0000000000000000        0xc Src/main.o
 .group         0x0000000000000000        0xc Src/main.o
 .group         0x0000000000000000        0xc Src/main.o
 .group         0x0000000000000000        0xc Src/main.o
 .group         0x0000000000000000        0xc Src/main.o
 .group         0x0000000000000000        0xc Src/main.o
 .group         0x0000000000000000        0xc Src/main.o
 .group         0x0000000000000000        0xc Src/main.o
 .group         0x0000000000000000        0xc Src/main.o
 .group         0x0000000000000000        0xc Src/main.o
 .group         0x0000000000000000        0xc Src/main.o
 .group         0x0000000000000000        0xc Src/main.o
 .group         0x0000000000000000        0xc Src/main.o
 .text          0x0000000000000000        0x0 Src/main.o
 .data          0x0000000000000000        0x0 Src/main.o
 .bss           0x0000000000000000        0x0 Src/main.o
 .text.delay_gen
                0x0000000000000000       0x28 Src/main.o
 .text.assert_error
                0x0000000000000000       0x18 Src/main.o
 .debug_macro   0x0000000000000000      0xab4 Src/main.o
 .debug_macro   0x0000000000000000       0x22 Src/main.o
 .debug_macro   0x0000000000000000       0x8e Src/main.o
 .debug_macro   0x0000000000000000       0x51 Src/main.o
 .debug_macro   0x0000000000000000      0x103 Src/main.o
 .debug_macro   0x0000000000000000       0x6a Src/main.o
 .debug_macro   0x0000000000000000      0x1df Src/main.o
 .debug_macro   0x0000000000000000       0x28 Src/main.o
 .debug_macro   0x0000000000000000       0x2f Src/main.o
 .debug_macro   0x0000000000000000       0x1c Src/main.o
 .debug_macro   0x0000000000000000       0x22 Src/main.o
 .debug_macro   0x0000000000000000       0xdf Src/main.o
 .debug_macro   0x0000000000000000     0x102d Src/main.o
 .debug_macro   0x0000000000000000      0x11f Src/main.o
 .debug_macro   0x0000000000000000    0x15e3c Src/main.o
 .debug_macro   0x0000000000000000       0x43 Src/main.o
 .debug_macro   0x0000000000000000       0xbe Src/main.o
 .group         0x0000000000000000        0xc Src/syscalls.o
 .group         0x0000000000000000        0xc Src/syscalls.o
 .group         0x0000000000000000        0xc Src/syscalls.o
 .group         0x0000000000000000        0xc Src/syscalls.o
 .group         0x0000000000000000        0xc Src/syscalls.o
 .group         0x0000000000000000        0xc Src/syscalls.o
 .group         0x0000000000000000        0xc Src/syscalls.o
 .group         0x0000000000000000        0xc Src/syscalls.o
 .group         0x0000000000000000        0xc Src/syscalls.o
 .group         0x0000000000000000        0xc Src/syscalls.o
 .group         0x0000000000000000        0xc Src/syscalls.o
 .group         0x0000000000000000        0xc Src/syscalls.o
 .group         0x0000000000000000        0xc Src/syscalls.o
 .group         0x0000000000000000        0xc Src/syscalls.o
 .group         0x0000000000000000        0xc Src/syscalls.o
 .group         0x0000000000000000        0xc Src/syscalls.o
 .group         0x0000000000000000        0xc Src/syscalls.o
 .group         0x0000000000000000        0xc Src/syscalls.o
 .group         0x0000000000000000        0xc Src/syscalls.o
 .group         0x0000000000000000        0xc Src/syscalls.o
 .group         0x0000000000000000        0xc Src/syscalls.o
 .group         0x0000000000000000        0xc Src/syscalls.o
 .group         0x0000000000000000        0xc Src/syscalls.o
 .group         0x0000000000000000        0xc Src/syscalls.o
 .group         0x0000000000000000        0xc Src/syscalls.o
 .group         0x0000000000000000        0xc Src/syscalls.o
 .group         0x0000000000000000        0xc Src/syscalls.o
 .group         0x0000000000000000        0xc Src/syscalls.o
 .group         0x0000000000000000        0xc Src/syscalls.o
 .group         0x0000000000000000        0xc Src/syscalls.o
 .group         0x0000000000000000        0xc Src/syscalls.o
 .group         0x0000000000000000        0xc Src/syscalls.o
 .group         0x0000000000000000        0xc Src/syscalls.o
 .group         0x0000000000000000        0xc Src/syscalls.o
 .group         0x0000000000000000        0xc Src/syscalls.o
 .group         0x0000000000000000        0xc Src/syscalls.o
 .group         0x0000000000000000        0xc Src/syscalls.o
 .group         0x0000000000000000        0xc Src/syscalls.o
 .group         0x0000000000000000        0xc Src/syscalls.o
 .group         0x0000000000000000        0xc Src/syscalls.o
 .group         0x0000000000000000        0xc Src/syscalls.o
 .group         0x0000000000000000        0xc Src/syscalls.o
 .group         0x0000000000000000        0xc Src/syscalls.o
 .group         0x0000000000000000        0xc Src/syscalls.o
 .group         0x0000000000000000        0xc Src/syscalls.o
 .group         0x0000000000000000        0xc Src/syscalls.o
 .group         0x0000000000000000        0xc Src/syscalls.o
 .text          0x0000000000000000        0x0 Src/syscalls.o
 .data          0x0000000000000000        0x0 Src/syscalls.o
 .bss           0x0000000000000000        0x0 Src/syscalls.o
 .bss.__env     0x0000000000000000        0x4 Src/syscalls.o
 .data.environ  0x0000000000000000        0x4 Src/syscalls.o
 .text.initialise_monitor_handles
                0x0000000000000000        0xe Src/syscalls.o
 .text._getpid  0x0000000000000000       0x10 Src/syscalls.o
 .text._kill    0x0000000000000000       0x20 Src/syscalls.o
 .text._exit    0x0000000000000000       0x14 Src/syscalls.o
 .text._read    0x0000000000000000       0x3a Src/syscalls.o
 .text._write   0x0000000000000000       0x38 Src/syscalls.o
 .text._close   0x0000000000000000       0x18 Src/syscalls.o
 .text._fstat   0x0000000000000000       0x20 Src/syscalls.o
 .text._isatty  0x0000000000000000       0x16 Src/syscalls.o
 .text._lseek   0x0000000000000000       0x1a Src/syscalls.o
 .text._open    0x0000000000000000       0x1c Src/syscalls.o
 .text._wait    0x0000000000000000       0x1e Src/syscalls.o
 .text._unlink  0x0000000000000000       0x1e Src/syscalls.o
 .text._times   0x0000000000000000       0x18 Src/syscalls.o
 .text._stat    0x0000000000000000       0x20 Src/syscalls.o
 .text._link    0x0000000000000000       0x20 Src/syscalls.o
 .text._fork    0x0000000000000000       0x16 Src/syscalls.o
 .text._execve  0x0000000000000000       0x22 Src/syscalls.o
 .debug_info    0x0000000000000000      0xfa8 Src/syscalls.o
 .debug_abbrev  0x0000000000000000      0x286 Src/syscalls.o
 .debug_aranges
                0x0000000000000000       0xa8 Src/syscalls.o
 .debug_ranges  0x0000000000000000       0x98 Src/syscalls.o
 .debug_macro   0x0000000000000000      0x24c Src/syscalls.o
 .debug_macro   0x0000000000000000      0xab4 Src/syscalls.o
 .debug_macro   0x0000000000000000       0x22 Src/syscalls.o
 .debug_macro   0x0000000000000000       0x4c Src/syscalls.o
 .debug_macro   0x0000000000000000       0x18 Src/syscalls.o
 .debug_macro   0x0000000000000000       0x94 Src/syscalls.o
 .debug_macro   0x0000000000000000       0x3c Src/syscalls.o
 .debug_macro   0x0000000000000000       0x34 Src/syscalls.o
 .debug_macro   0x0000000000000000       0x57 Src/syscalls.o
 .debug_macro   0x0000000000000000      0x174 Src/syscalls.o
 .debug_macro   0x0000000000000000      0x339 Src/syscalls.o
 .debug_macro   0x0000000000000000       0x16 Src/syscalls.o
 .debug_macro   0x0000000000000000       0x43 Src/syscalls.o
 .debug_macro   0x0000000000000000       0x34 Src/syscalls.o
 .debug_macro   0x0000000000000000       0x10 Src/syscalls.o
 .debug_macro   0x0000000000000000       0x58 Src/syscalls.o
 .debug_macro   0x0000000000000000       0x71 Src/syscalls.o
 .debug_macro   0x0000000000000000       0x1c Src/syscalls.o
 .debug_macro   0x0000000000000000      0x12a Src/syscalls.o
 .debug_macro   0x0000000000000000       0x10 Src/syscalls.o
 .debug_macro   0x0000000000000000       0x35 Src/syscalls.o
 .debug_macro   0x0000000000000000       0x10 Src/syscalls.o
 .debug_macro   0x0000000000000000       0x10 Src/syscalls.o
 .debug_macro   0x0000000000000000       0x10 Src/syscalls.o
 .debug_macro   0x0000000000000000       0x6a Src/syscalls.o
 .debug_macro   0x0000000000000000       0x1c Src/syscalls.o
 .debug_macro   0x0000000000000000       0x52 Src/syscalls.o
 .debug_macro   0x0000000000000000       0x22 Src/syscalls.o
 .debug_macro   0x0000000000000000       0x10 Src/syscalls.o
 .debug_macro   0x0000000000000000       0x40 Src/syscalls.o
 .debug_macro   0x0000000000000000       0xd5 Src/syscalls.o
 .debug_macro   0x0000000000000000       0x1c Src/syscalls.o
 .debug_macro   0x0000000000000000       0x3d Src/syscalls.o
 .debug_macro   0x0000000000000000       0x35 Src/syscalls.o
 .debug_macro   0x0000000000000000      0x12c Src/syscalls.o
 .debug_macro   0x0000000000000000       0x16 Src/syscalls.o
 .debug_macro   0x0000000000000000       0x16 Src/syscalls.o
 .debug_macro   0x0000000000000000       0x29 Src/syscalls.o
 .debug_macro   0x0000000000000000       0x10 Src/syscalls.o
 .debug_macro   0x0000000000000000      0x241 Src/syscalls.o
 .debug_macro   0x0000000000000000       0x1c Src/syscalls.o
 .debug_macro   0x0000000000000000       0x10 Src/syscalls.o
 .debug_macro   0x0000000000000000       0x10 Src/syscalls.o
 .debug_macro   0x0000000000000000       0x16 Src/syscalls.o
 .debug_macro   0x0000000000000000      0x145 Src/syscalls.o
 .debug_macro   0x0000000000000000      0x189 Src/syscalls.o
 .debug_macro   0x0000000000000000       0x16 Src/syscalls.o
 .debug_macro   0x0000000000000000       0xce Src/syscalls.o
 .debug_line    0x0000000000000000      0x7fd Src/syscalls.o
 .debug_str     0x0000000000000000     0x8ed7 Src/syscalls.o
 .comment       0x0000000000000000       0x54 Src/syscalls.o
 .debug_frame   0x0000000000000000      0x2ac Src/syscalls.o
 .ARM.attributes
                0x0000000000000000       0x34 Src/syscalls.o
 .group         0x0000000000000000        0xc Src/sysmem.o
 .group         0x0000000000000000        0xc Src/sysmem.o
 .group         0x0000000000000000        0xc Src/sysmem.o
 .group         0x0000000000000000        0xc Src/sysmem.o
 .group         0x0000000000000000        0xc Src/sysmem.o
 .group         0x0000000000000000        0xc Src/sysmem.o
 .group         0x0000000000000000        0xc Src/sysmem.o
 .group         0x0000000000000000        0xc Src/sysmem.o
 .group         0x0000000000000000        0xc Src/sysmem.o
 .group         0x0000000000000000        0xc Src/sysmem.o
 .group         0x0000000000000000        0xc Src/sysmem.o
 .group         0x0000000000000000        0xc Src/sysmem.o
 .group         0x0000000000000000        0xc Src/sysmem.o
 .group         0x0000000000000000        0xc Src/sysmem.o
 .group         0x0000000000000000        0xc Src/sysmem.o
 .group         0x0000000000000000        0xc Src/sysmem.o
 .group         0x0000000000000000        0xc Src/sysmem.o
 .group         0x0000000000000000        0xc Src/sysmem.o
 .group         0x0000000000000000        0xc Src/sysmem.o
 .group         0x0000000000000000        0xc Src/sysmem.o
 .group         0x0000000000000000        0xc Src/sysmem.o
 .group         0x0000000000000000        0xc Src/sysmem.o
 .text          0x0000000000000000        0x0 Src/sysmem.o
 .data          0x0000000000000000        0x0 Src/sysmem.o
 .bss           0x0000000000000000        0x0 Src/sysmem.o
 .bss.__sbrk_heap_end
                0x0000000000000000        0x4 Src/sysmem.o
 .text._sbrk    0x0000000000000000       0x6c Src/sysmem.o
 .debug_info    0x0000000000000000      0xa25 Src/sysmem.o
 .debug_abbrev  0x0000000000000000      0x1bf Src/sysmem.o
 .debug_aranges
                0x0000000000000000       0x20 Src/sysmem.o
 .debug_ranges  0x0000000000000000       0x10 Src/sysmem.o
 .debug_macro   0x0000000000000000       0xff Src/sysmem.o
 .debug_macro   0x0000000000000000      0xab4 Src/sysmem.o
 .debug_macro   0x0000000000000000       0x10 Src/sysmem.o
 .debug_macro   0x0000000000000000       0x22 Src/sysmem.o
 .debug_macro   0x0000000000000000       0x4c Src/sysmem.o
 .debug_macro   0x0000000000000000       0x18 Src/sysmem.o
 .debug_macro   0x0000000000000000       0x94 Src/sysmem.o
 .debug_macro   0x0000000000000000       0x3c Src/sysmem.o
 .debug_macro   0x0000000000000000       0x34 Src/sysmem.o
 .debug_macro   0x0000000000000000      0x174 Src/sysmem.o
 .debug_macro   0x0000000000000000       0x16 Src/sysmem.o
 .debug_macro   0x0000000000000000       0x43 Src/sysmem.o
 .debug_macro   0x0000000000000000       0x57 Src/sysmem.o
 .debug_macro   0x0000000000000000       0x34 Src/sysmem.o
 .debug_macro   0x0000000000000000       0x10 Src/sysmem.o
 .debug_macro   0x0000000000000000       0x58 Src/sysmem.o
 .debug_macro   0x0000000000000000       0x71 Src/sysmem.o
 .debug_macro   0x0000000000000000       0x1c Src/sysmem.o
 .debug_macro   0x0000000000000000      0x12a Src/sysmem.o
 .debug_macro   0x0000000000000000      0x23b Src/sysmem.o
 .debug_macro   0x0000000000000000      0x103 Src/sysmem.o
 .debug_macro   0x0000000000000000       0x6a Src/sysmem.o
 .debug_macro   0x0000000000000000      0x1df Src/sysmem.o
 .debug_line    0x0000000000000000      0x4f3 Src/sysmem.o
 .debug_str     0x0000000000000000     0x62aa Src/sysmem.o
 .comment       0x0000000000000000       0x54 Src/sysmem.o
 .debug_frame   0x0000000000000000       0x34 Src/sysmem.o
 .ARM.attributes
                0x0000000000000000       0x34 Src/sysmem.o
 .group         0x0000000000000000        0xc Src/system_stm32f4xx.o
 .group         0x0000000000000000        0xc Src/system_stm32f4xx.o
 .group         0x0000000000000000        0xc Src/system_stm32f4xx.o
 .group         0x0000000000000000        0xc Src/system_stm32f4xx.o
 .group         0x0000000000000000        0xc Src/system_stm32f4xx.o
 .group         0x0000000000000000        0xc Src/system_stm32f4xx.o
 .group         0x0000000000000000        0xc Src/system_stm32f4xx.o
 .group         0x0000000000000000        0xc Src/system_stm32f4xx.o
 .group         0x0000000000000000        0xc Src/system_stm32f4xx.o
 .group         0x0000000000000000        0xc Src/system_stm32f4xx.o
 .group         0x0000000000000000        0xc Src/system_stm32f4xx.o
 .group         0x0000000000000000        0xc Src/system_stm32f4xx.o
 .group         0x0000000000000000        0xc Src/system_stm32f4xx.o
 .group         0x0000000000000000        0xc Src/system_stm32f4xx.o
 .group         0x0000000000000000        0xc Src/system_stm32f4xx.o
 .group         0x0000000000000000        0xc Src/system_stm32f4xx.o
 .text          0x0000000000000000        0x0 Src/system_stm32f4xx.o
 .data          0x0000000000000000        0x0 Src/system_stm32f4xx.o
 .bss           0x0000000000000000        0x0 Src/system_stm32f4xx.o
 .data.SystemCoreClock
                0x0000000000000000        0x4 Src/system_stm32f4xx.o
 .rodata.AHBPrescTable
                0x0000000000000000       0x10 Src/system_stm32f4xx.o
 .rodata.APBPrescTable
                0x0000000000000000        0x8 Src/system_stm32f4xx.o
 .text.SystemCoreClockUpdate
                0x0000000000000000      0x100 Src/system_stm32f4xx.o
 .debug_macro   0x0000000000000000      0xab4 Src/system_stm32f4xx.o
 .debug_macro   0x0000000000000000       0x28 Src/system_stm32f4xx.o
 .debug_macro   0x0000000000000000       0x2f Src/system_stm32f4xx.o
 .debug_macro   0x0000000000000000       0x22 Src/system_stm32f4xx.o
 .debug_macro   0x0000000000000000       0x8e Src/system_stm32f4xx.o
 .debug_macro   0x0000000000000000       0x51 Src/system_stm32f4xx.o
 .debug_macro   0x0000000000000000      0x103 Src/system_stm32f4xx.o
 .debug_macro   0x0000000000000000       0x6a Src/system_stm32f4xx.o
 .debug_macro   0x0000000000000000      0x1df Src/system_stm32f4xx.o
 .debug_macro   0x0000000000000000       0x1c Src/system_stm32f4xx.o
 .debug_macro   0x0000000000000000       0x22 Src/system_stm32f4xx.o
 .debug_macro   0x0000000000000000       0xdf Src/system_stm32f4xx.o
 .debug_macro   0x0000000000000000     0x102d Src/system_stm32f4xx.o
 .debug_macro   0x0000000000000000      0x11f Src/system_stm32f4xx.o
 .debug_macro   0x0000000000000000    0x15e3c Src/system_stm32f4xx.o
 .debug_macro   0x0000000000000000       0x43 Src/system_stm32f4xx.o
 .text          0x0000000000000000       0x14 Startup/startup_stm32f407vgtx.o
 .data          0x0000000000000000        0x0 Startup/startup_stm32f407vgtx.o
 .bss           0x0000000000000000        0x0 Startup/startup_stm32f407vgtx.o
 .text          0x0000000000000000        0x0 c:/st/stm32cubeide_1.6.1/stm32cubeide/plugins/com.st.stm32cube.ide.mcu.externaltools.gnu-tools-for-stm32.9-2020-q2-update.win32_1.5.0.202011040924/tools/bin/../lib/gcc/arm-none-eabi/9.3.1/../../../../arm-none-eabi/lib/thumb/v7e-m+fp/hard\libc_nano.a(lib_a-errno.o)
 .data          0x0000000000000000        0x0 c:/st/stm32cubeide_1.6.1/stm32cubeide/plugins/com.st.stm32cube.ide.mcu.externaltools.gnu-tools-for-stm32.9-2020-q2-update.win32_1.5.0.202011040924/tools/bin/../lib/gcc/arm-none-eabi/9.3.1/../../../../arm-none-eabi/lib/thumb/v7e-m+fp/hard\libc_nano.a(lib_a-errno.o)
 .bss           0x0000000000000000        0x0 c:/st/stm32cubeide_1.6.1/stm32cubeide/plugins/com.st.stm32cube.ide.mcu.externaltools.gnu-tools-for-stm32.9-2020-q2-update.win32_1.5.0.202011040924/tools/bin/../lib/gcc/arm-none-eabi/9.3.1/../../../../arm-none-eabi/lib/thumb/v7e-m+fp/hard\libc_nano.a(lib_a-errno.o)
 .text.__errno  0x0000000000000000        0xc c:/st/stm32cubeide_1.6.1/stm32cubeide/plugins/com.st.stm32cube.ide.mcu.externaltools.gnu-tools-for-stm32.9-2020-q2-update.win32_1.5.0.202011040924/tools/bin/../lib/gcc/arm-none-eabi/9.3.1/../../../../arm-none-eabi/lib/thumb/v7e-m+fp/hard\libc_nano.a(lib_a-errno.o)
 .debug_frame   0x0000000000000000       0x20 c:/st/stm32cubeide_1.6.1/stm32cubeide/plugins/com.st.stm32cube.ide.mcu.externaltools.gnu-tools-for-stm32.9-2020-q2-update.win32_1.5.0.202011040924/tools/bin/../lib/gcc/arm-none-eabi/9.3.1/../../../../arm-none-eabi/lib/thumb/v7e-m+fp/hard\libc_nano.a(lib_a-errno.o)
 .ARM.attributes
                0x0000000000000000       0x34 c:/st/stm32cubeide_1.6.1/stm32cubeide/plugins/com.st.stm32cube.ide.mcu.externaltools.gnu-tools-for-stm32.9-2020-q2-update.win32_1.5.0.202011040924/tools/bin/../lib/gcc/arm-none-eabi/9.3.1/../../../../arm-none-eabi/lib/thumb/v7e-m+fp/hard\libc_nano.a(lib_a-errno.o)
 .text          0x0000000000000000        0x0 c:/st/stm32cubeide_1.6.1/stm32cubeide/plugins/com.st.stm32cube.ide.mcu.externaltools.gnu-tools-for-stm32.9-2020-q2-update.win32_1.5.0.202011040924/tools/bin/../lib/gcc/arm-none-eabi/9.3.1/../../../../arm-none-eabi/lib/thumb/v7e-m+fp/hard\libc_nano.a(lib_a-exit.o)
 .data          0x0000000000000000        0x0 c:/st/stm32cubeide_1.6.1/stm32cubeide/plugins/com.st.stm32cube.ide.mcu.externaltools.gnu-tools-for-stm32.9-2020-q2-update.win32_1.5.0.202011040924/tools/bin/../lib/gcc/arm-none-eabi/9.3.1/../../../../arm-none-eabi/lib/thumb/v7e-m+fp/hard\libc_nano.a(lib_a-exit.o)
 .bss           0x0000000000000000        0x0 c:/st/stm32cubeide_1.6.1/stm32cubeide/plugins/com.st.stm32cube.ide.mcu.externaltools.gnu-tools-for-stm32.9-2020-q2-update.win32_1.5.0.202011040924/tools/bin/../lib/gcc/arm-none-eabi/9.3.1/../../../../arm-none-eabi/lib/thumb/v7e-m+fp/hard\libc_nano.a(lib_a-exit.o)
 .text.exit     0x0000000000000000       0x28 c:/st/stm32cubeide_1.6.1/stm32cubeide/plugins/com.st.stm32cube.ide.mcu.externaltools.gnu-tools-for-stm32.9-2020-q2-update.win32_1.5.0.202011040924/tools/bin/../lib/gcc/arm-none-eabi/9.3.1/../../../../arm-none-eabi/lib/thumb/v7e-m+fp/hard\libc_nano.a(lib_a-exit.o)
 .debug_frame   0x0000000000000000       0x28 c:/st/stm32cubeide_1.6.1/stm32cubeide/plugins/com.st.stm32cube.ide.mcu.externaltools.gnu-tools-for-stm32.9-2020-q2-update.win32_1.5.0.202011040924/tools/bin/../lib/gcc/arm-none-eabi/9.3.1/../../../../arm-none-eabi/lib/thumb/v7e-m+fp/hard\libc_nano.a(lib_a-exit.o)
 .ARM.attributes
                0x0000000000000000       0x34 c:/st/stm32cubeide_1.6.1/stm32cubeide/plugins/com.st.stm32cube.ide.mcu.externaltools.gnu-tools-for-stm32.9-2020-q2-update.win32_1.5.0.202011040924/tools/bin/../lib/gcc/arm-none-eabi/9.3.1/../../../../arm-none-eabi/lib/thumb/v7e-m+fp/hard\libc_nano.a(lib_a-exit.o)
 .text          0x0000000000000000        0x0 c:/st/stm32cubeide_1.6.1/stm32cubeide/plugins/com.st.stm32cube.ide.mcu.externaltools.gnu-tools-for-stm32.9-2020-q2-update.win32_1.5.0.202011040924/tools/bin/../lib/gcc/arm-none-eabi/9.3.1/../../../../arm-none-eabi/lib/thumb/v7e-m+fp/hard\libc_nano.a(lib_a-impure.o)
 .data          0x0000000000000000        0x0 c:/st/stm32cubeide_1.6.1/stm32cubeide/plugins/com.st.stm32cube.ide.mcu.externaltools.gnu-tools-for-stm32.9-2020-q2-update.win32_1.5.0.202011040924/tools/bin/../lib/gcc/arm-none-eabi/9.3.1/../../../../arm-none-eabi/lib/thumb/v7e-m+fp/hard\libc_nano.a(lib_a-impure.o)
 .bss           0x0000000000000000        0x0 c:/st/stm32cubeide_1.6.1/stm32cubeide/plugins/com.st.stm32cube.ide.mcu.externaltools.gnu-tools-for-stm32.9-2020-q2-update.win32_1.5.0.202011040924/tools/bin/../lib/gcc/arm-none-eabi/9.3.1/../../../../arm-none-eabi/lib/thumb/v7e-m+fp/hard\libc_nano.a(lib_a-impure.o)
 .data._impure_ptr
                0x0000000000000000        0x4 c:/st/stm32cubeide_1.6.1/stm32cubeide/plugins/com.st.stm32cube.ide.mcu.externaltools.gnu-tools-for-stm32.9-2020-q2-update.win32_1.5.0.202011040924/tools/bin/../lib/gcc/arm-none-eabi/9.3.1/../../../../arm-none-eabi/lib/thumb/v7e-m+fp/hard\libc_nano.a(lib_a-impure.o)
 .data.impure_data
                0x0000000000000000       0x60 c:/st/stm32cubeide_1.6.1/stm32cubeide/plugins/com.st.stm32cube.ide.mcu.externaltools.gnu-tools-for-stm32.9-2020-q2-update.win32_1.5.0.202011040924/tools/bin/../lib/gcc/arm-none-eabi/9.3.1/../../../../arm-none-eabi/lib/thumb/v7e-m+fp/hard\libc_nano.a(lib_a-impure.o)
 .rodata._global_impure_ptr
                0x0000000000000000        0x4 c:/st/stm32cubeide_1.6.1/stm32cubeide/plugins/com.st.stm32cube.ide.mcu.externaltools.gnu-tools-for-stm32.9-2020-q2-update.win32_1.5.0.202011040924/tools/bin/../lib/gcc/arm-none-eabi/9.3.1/../../../../arm-none-eabi/lib/thumb/v7e-m+fp/hard\libc_nano.a(lib_a-impure.o)
 .ARM.attributes
                0x0000000000000000       0x32 c:/st/stm32cubeide_1.6.1/stm32cubeide/plugins/com.st.stm32cube.ide.mcu.externaltools.gnu-tools-for-stm32.9-2020-q2-update.win32_1.5.0.202011040924/tools/bin/../lib/gcc/arm-none-eabi/9.3.1/../../../../arm-none-eabi/lib/thumb/v7e-m+fp/hard\libc_nano.a(lib_a-impure.o)
 .text          0x0000000000000000        0x0 c:/st/stm32cubeide_1.6.1/stm32cubeide/plugins/com.st.stm32cube.ide.mcu.externaltools.gnu-tools-for-stm32.9-2020-q2-update.win32_1.5.0.202011040924/tools/bin/../lib/gcc/arm-none-eabi/9.3.1/../../../../arm-none-eabi/lib/thumb/v7e-m+fp/hard\libc_nano.a(lib_a-init.o)
 .data          0x0000000000000000        0x0 c:/st/stm32cubeide_1.6.1/stm32cubeide/plugins/com.st.stm32cube.ide.mcu.externaltools.gnu-tools-for-stm32.9-2020-q2-update.win32_1.5.0.202011040924/tools/bin/../lib/gcc/arm-none-eabi/9.3.1/../../../../arm-none-eabi/lib/thumb/v7e-m+fp/hard\libc_nano.a(lib_a-init.o)
 .bss           0x0000000000000000        0x0 c:/st/stm32cubeide_1.6.1/stm32cubeide/plugins/com.st.stm32cube.ide.mcu.externaltools.gnu-tools-for-stm32.9-2020-q2-update.win32_1.5.0.202011040924/tools/bin/../lib/gcc/arm-none-eabi/9.3.1/../../../../arm-none-eabi/lib/thumb/v7e-m+fp/hard\libc_nano.a(lib_a-init.o)
 .text          0x0000000000000000        0x0 c:/st/stm32cubeide_1.6.1/stm32cubeide/plugins/com.st.stm32cube.ide.mcu.externaltools.gnu-tools-for-stm32.9-2020-q2-update.win32_1.5.0.202011040924/tools/bin/../lib/gcc/arm-none-eabi/9.3.1/../../../../arm-none-eabi/lib/thumb/v7e-m+fp/hard\libc_nano.a(lib_a-memset.o)
 .data          0x0000000000000000        0x0 c:/st/stm32cubeide_1.6.1/stm32cubeide/plugins/com.st.stm32cube.ide.mcu.externaltools.gnu-tools-for-stm32.9-2020-q2-update.win32_1.5.0.202011040924/tools/bin/../lib/gcc/arm-none-eabi/9.3.1/../../../../arm-none-eabi/lib/thumb/v7e-m+fp/hard\libc_nano.a(lib_a-memset.o)
 .bss           0x0000000000000000        0x0 c:/st/stm32cubeide_1.6.1/stm32cubeide/plugins/com.st.stm32cube.ide.mcu.externaltools.gnu-tools-for-stm32.9-2020-q2-update.win32_1.5.0.202011040924/tools/bin/../lib/gcc/arm-none-eabi/9.3.1/../../../../arm-none-eabi/lib/thumb/v7e-m+fp/hard\libc_nano.a(lib_a-memset.o)
 .text          0x0000000000000000        0x0 c:/st/stm32cubeide_1.6.1/stm32cubeide/plugins/com.st.stm32cube.ide.mcu.externaltools.gnu-tools-for-stm32.9-2020-q2-update.win32_1.5.0.202011040924/tools/bin/../lib/gcc/arm-none-eabi/9.3.1/thumb/v7e-m+fp/hard/crtend.o
 .data          0x0000000000000000        0x0 c:/st/stm32cubeide_1.6.1/stm32cubeide/plugins/com.st.stm32cube.ide.mcu.externaltools.gnu-tools-for-stm32.9-2020-q2-update.win32_1.5.0.202011040924/tools/bin/../lib/gcc/arm-none-eabi/9.3.1/thumb/v7e-m+fp/hard/crtend.o
 .bss           0x0000000000000000        0x0 c:/st/stm32cubeide_1.6.1/stm32cubeide/plugins/com.st.stm32cube.ide.mcu.externaltools.gnu-tools-for-stm32.9-2020-q2-update.win32_1.5.0.202011040924/tools/bin/../lib/gcc/arm-none-eabi/9.3.1/thumb/v7e-m+fp/hard/crtend.o
 .eh_frame      0x0000000000000000        0x4 c:/st/stm32cubeide_1.6.1/stm32cubeide/plugins/com.st.stm32cube.ide.mcu.externaltools.gnu-tools-for-stm32.9-2020-q2-update.win32_1.5.0.202011040924/tools/bin/../lib/gcc/arm-none-eabi/9.3.1/thumb/v7e-m+fp/hard/crtend.o
 .ARM.attributes
                0x0000000000000000       0x32 c:/st/stm32cubeide_1.6.1/stm32cubeide/plugins/com.st.stm32cube.ide.mcu.externaltools.gnu-tools-for-stm32.9-2020-q2-update.win32_1.5.0.202011040924/tools/bin/../lib/gcc/arm-none-eabi/9.3.1/thumb/v7e-m+fp/hard/crtend.o
 .text          0x0000000000000000        0x0 c:/st/stm32cubeide_1.6.1/stm32cubeide/plugins/com.st.stm32cube.ide.mcu.externaltools.gnu-tools-for-stm32.9-2020-q2-update.win32_1.5.0.202011040924/tools/bin/../lib/gcc/arm-none-eabi/9.3.1/thumb/v7e-m+fp/hard/crtn.o
 .data          0x0000000000000000        0x0 c:/st/stm32cubeide_1.6.1/stm32cubeide/plugins/com.st.stm32cube.ide.mcu.externaltools.gnu-tools-for-stm32.9-2020-q2-update.win32_1.5.0.202011040924/tools/bin/../lib/gcc/arm-none-eabi/9.3.1/thumb/v7e-m+fp/hard/crtn.o
 .bss           0x0000000000000000        0x0 c:/st/stm32cubeide_1.6.1/stm32cubeide/plugins/com.st.stm32cube.ide.mcu.externaltools.gnu-tools-for-stm32.9-2020-q2-update.win32_1.5.0.202011040924/tools/bin/../lib/gcc/arm-none-eabi/9.3.1/thumb/v7e-m+fp/hard/crtn.o

Memory Configuration

Name             Origin             Length             Attributes
RAM              0x0000000020000000 0x0000000000020000 xrw
FLASH            0x0000000008000000 0x0000000000100000 xr
*default*        0x0000000000000000 0xffffffffffffffff

Linker script and memory map

LOAD c:/st/stm32cubeide_1.6.1/stm32cubeide/plugins/com.st.stm32cube.ide.mcu.externaltools.gnu-tools-for-stm32.9-2020-q2-update.win32_1.5.0.202011040924/tools/bin/../lib/gcc/arm-none-eabi/9.3.1/thumb/v7e-m+fp/hard/crti.o
LOAD c:/st/stm32cubeide_1.6.1/stm32cubeide/plugins/com.st.stm32cube.ide.mcu.externaltools.gnu-tools-for-stm32.9-2020-q2-update.win32_1.5.0.202011040924/tools/bin/../lib/gcc/arm-none-eabi/9.3.1/thumb/v7e-m+fp/hard/crtbegin.o
LOAD c:/st/stm32cubeide_1.6.1/stm32cubeide/plugins/com.st.stm32cube.ide.mcu.externaltools.gnu-tools-for-stm32.9-2020-q2-update.win32_1.5.0.202011040924/tools/bin/../lib/gcc/arm-none-eabi/9.3.1/../../../../arm-none-eabi/lib/thumb/v7e-m+fp/hard/crt0.o
LOAD Src/SPI_driver.o
LOAD Src/gpio_driver.o
LOAD Src/i2c_int_handler.o
LOAD Src/i2s_driver.o
LOAD Src/main.o
LOAD Src/syscalls.o
LOAD Src/sysmem.o
LOAD Src/system_stm32f4xx.o
LOAD Startup/startup_stm32f407vgtx.o
START GROUP
LOAD c:/st/stm32cubeide_1.6.1/stm32cubeide/plugins/com.st.stm32cube.ide.mcu.externaltools.gnu-tools-for-stm32.9-2020-q2-update.win32_1.5.0.202011040924/tools/bin/../lib/gcc/arm-none-eabi/9.3.1/../../../../arm-none-eabi/lib/thumb/v7e-m+fp/hard\libc_nano.a
LOAD c:/st/stm32cubeide_1.6.1/stm32cubeide/plugins/com.st.stm32cube.ide.mcu.externaltools.gnu-tools-for-stm32.9-2020-q2-update.win32_1.5.0.202011040924/tools/bin/../lib/gcc/arm-none-eabi/9.3.1/../../../../arm-none-eabi/lib/thumb/v7e-m+fp/hard\libm.a
END GROUP
START GROUP
LOAD c:/st/stm32cubeide_1.6.1/stm32cubeide/plugins/com.st.stm32cube.ide.mcu.externaltools.gnu-tools-for-stm32.9-2020-q2-update.win32_1.5.0.202011040924/tools/bin/../lib/gcc/arm-none-eabi/9.3.1/thumb/v7e-m+fp/hard\libgcc.a
LOAD c:/st/stm32cubeide_1.6.1/stm32cubeide/plugins/com.st.stm32cube.ide.mcu.externaltools.gnu-tools-for-stm32.9-2020-q2-update.win32_1.5.0.202011040924/tools/bin/../lib/gcc/arm-none-eabi/9.3.1/../../../../arm-none-eabi/lib/thumb/v7e-m+fp/hard\libc_nano.a
END GROUP
START GROUP
LOAD c:/st/stm32cubeide_1.6.1/stm32cubeide/plugins/com.st.stm32cube.ide.mcu.externaltools.gnu-tools-for-stm32.9-2020-q2-update.win32_1.5.0.202011040924/tools/bin/../lib/gcc/arm-none-eabi/9.3.1/thumb/v7e-m+fp/hard\libgcc.a
LOAD c:/st/stm32cubeide_1.6.1/stm32cubeide/plugins/com.st.stm32cube.ide.mcu.externaltools.gnu-tools-for-stm32.9-2020-q2-update.win32_1.5.0.202011040924/tools/bin/../lib/gcc/arm-none-eabi/9.3.1/../../../../arm-none-eabi/lib/thumb/v7e-m+fp/hard\libc_nano.a
LOAD c:/st/stm32cubeide_1.6.1/stm32cubeide/plugins/com.st.stm32cube.ide.mcu.externaltools.gnu-tools-for-stm32.9-2020-q2-update.win32_1.5.0.202011040924/tools/bin/../lib/gcc/arm-none-eabi/9.3.1/../../../../arm-none-eabi/lib/thumb/v7e-m+fp/hard\libnosys.a
END GROUP
START GROUP
LOAD c:/st/stm32cubeide_1.6.1/stm32cubeide/plugins/com.st.stm32cube.ide.mcu.externaltools.gnu-tools-for-stm32.9-2020-q2-update.win32_1.5.0.202011040924/tools/bin/../lib/gcc/arm-none-eabi/9.3.1/thumb/v7e-m+fp/hard\libgcc.a
LOAD c:/st/stm32cubeide_1.6.1/stm32cubeide/plugins/com.st.stm32cube.ide.mcu.externaltools.gnu-tools-for-stm32.9-2020-q2-update.win32_1.5.0.202011040924/tools/bin/../lib/gcc/arm-none-eabi/9.3.1/../../../../arm-none-eabi/lib/thumb/v7e-m+fp/hard\libc_nano.a
LOAD c:/st/stm32cubeide_1.6.1/stm32cubeide/plugins/com.st.stm32cube.ide.mcu.externaltools.gnu-tools-for-stm32.9-2020-q2-update.win32_1.5.0.202011040924/tools/bin/../lib/gcc/arm-none-eabi/9.3.1/../../../../arm-none-eabi/lib/thumb/v7e-m+fp/hard\libnosys.a
END GROUP
LOAD c:/st/stm32cubeide_1.6.1/stm32cubeide/plugins/com.st.stm32cube.ide.mcu.externaltools.gnu-tools-for-stm32.9-2020-q2-update.win32_1.5.0.202011040924/tools/bin/../lib/gcc/arm-none-eabi/9.3.1/thumb/v7e-m+fp/hard/crtend.o
LOAD c:/st/stm32cubeide_1.6.1/stm32cubeide/plugins/com.st.stm32cube.ide.mcu.externaltools.gnu-tools-for-stm32.9-2020-q2-update.win32_1.5.0.202011040924/tools/bin/../lib/gcc/arm-none-eabi/9.3.1/thumb/v7e-m+fp/hard/crtn.o
                0x0000000020020000                _estack = (ORIGIN (RAM) + LENGTH (RAM))
                0x0000000000000200                _Min_Heap_Size = 0x200
                0x0000000000000400                _Min_Stack_Size = 0x400

.isr_vector     0x0000000008000000      0x188
                0x0000000008000000                . = ALIGN (0x4)
 *(.isr_vector)
 .isr_vector    0x0000000008000000      0x188 Startup/startup_stm32f407vgtx.o
                0x0000000008000000                g_pfnVectors
                0x0000000008000188                . = ALIGN (0x4)

.text           0x0000000008000188     0x1148
                0x0000000008000188                . = ALIGN (0x4)
 *(.text)
 .text          0x0000000008000188       0x40 c:/st/stm32cubeide_1.6.1/stm32cubeide/plugins/com.st.stm32cube.ide.mcu.externaltools.gnu-tools-for-stm32.9-2020-q2-update.win32_1.5.0.202011040924/tools/bin/../lib/gcc/arm-none-eabi/9.3.1/thumb/v7e-m+fp/hard/crtbegin.o
 *(.text*)
 .text.hal_spi_configure_phase_and_polarity
                0x00000000080001c8       0x58 Src/SPI_driver.o
                0x00000000080001c8                hal_spi_configure_phase_and_polarity
 .text.hal_spi_configure_device_mode
                0x0000000008000220       0x36 Src/SPI_driver.o
                0x0000000008000220                hal_spi_configure_device_mode
 .text.hal_spi_configure_datasize
                0x0000000008000256       0x58 Src/SPI_driver.o
                0x0000000008000256                hal_spi_configure_datasize
 .text.hal_spi_configure_nss_master
                0x00000000080002ae       0x42 Src/SPI_driver.o
                0x00000000080002ae                hal_spi_configure_nss_master
 .text.hal_spi_configure_nss_slave
                0x00000000080002f0       0x36 Src/SPI_driver.o
                0x00000000080002f0                hal_spi_configure_nss_slave
 .text.hal_spi_configure_baudrate
                0x0000000008000326       0x34 Src/SPI_driver.o
                0x0000000008000326                hal_spi_configure_baudrate
 .text.hal_spi_configure_direction
                0x000000000800035a       0x36 Src/SPI_driver.o
                0x000000000800035a                hal_spi_configure_direction
 .text.hal_spi_disable_txe_interrupt
                0x0000000008000390       0x20 Src/SPI_driver.o
 .text.hal_spi_disable_rxne_interrupt
                0x00000000080003b0       0x20 Src/SPI_driver.o
 .text.hal_spi_init
                0x00000000080003d0       0x8e Src/SPI_driver.o
                0x00000000080003d0                hal_spi_init
 .text.hal_spi_is_bus_busy
                0x000000000800045e       0x26 Src/SPI_driver.o
                0x000000000800045e                hal_spi_is_bus_busy
 .text.hal_spi_tx_close_interrupt
                0x0000000008000484       0x34 Src/SPI_driver.o
 .text.hal_spi_handle_tx_interrupt
                0x00000000080004b8       0x68 Src/SPI_driver.o
                0x00000000080004b8                hal_spi_handle_tx_interrupt
 .text.hal_spi_close_rx_interrupt
                0x0000000008000520       0x34 Src/SPI_driver.o
 .text.hal_spi_handle_rx_interrupt
                0x0000000008000554       0x74 Src/SPI_driver.o
 .text.hal_spi_irq_handler
                0x00000000080005c8       0x6e Src/SPI_driver.o
                0x00000000080005c8                hal_spi_irq_handler
 *fill*         0x0000000008000636        0x2 
 .text.__NVIC_EnableIRQ
                0x0000000008000638       0x3c Src/gpio_driver.o
 .text.hal_gpio_configure_pin_mode
                0x0000000008000674       0x44 Src/gpio_driver.o
 .text.hal_gpio_configure_pin_otype
                0x00000000080006b8       0x2c Src/gpio_driver.o
 .text.hal_gpio_configure_pin_speed
                0x00000000080006e4       0x2e Src/gpio_driver.o
 .text.hal_gpio_configure_pin_resistor
                0x0000000008000712       0x2e Src/gpio_driver.o
 .text.hal_gpio_set_alt_function
                0x0000000008000740       0x50 Src/gpio_driver.o
                0x0000000008000740                hal_gpio_set_alt_function
 .text.hal_gpio_read_from_pin
                0x0000000008000790       0x2a Src/gpio_driver.o
                0x0000000008000790                hal_gpio_read_from_pin
 .text.hal_gpio_write_to_pin
                0x00000000080007ba       0x4a Src/gpio_driver.o
                0x00000000080007ba                hal_gpio_write_to_pin
 .text.hal_gpio_init
                0x0000000008000804       0x5a Src/gpio_driver.o
                0x0000000008000804                hal_gpio_init
 *fill*         0x000000000800085e        0x2 
 .text.hal_gpio_configure_interrupt
                0x0000000008000860       0x8c Src/gpio_driver.o
                0x0000000008000860                hal_gpio_configure_interrupt
 .text.hal_gpio_enable_interrupt
                0x00000000080008ec       0x3c Src/gpio_driver.o
                0x00000000080008ec                hal_gpio_enable_interrupt
 .text.hal_gpio_clear_interrupt
                0x0000000008000928       0x40 Src/gpio_driver.o
                0x0000000008000928                hal_gpio_clear_interrupt
 .text.hal_i2c_enable_peripheral
                0x0000000008000968       0x20 Src/i2s_driver.o
                0x0000000008000968                hal_i2c_enable_peripheral
 .text.hal_i2c_set_own_address1
                0x0000000008000988       0x30 Src/i2s_driver.o
 .text.hal_i2c_manage_clock_stretch
                0x00000000080009b8       0x36 Src/i2s_driver.o
 *fill*         0x00000000080009ee        0x2 
 .text.hal_i2c_configure_ccr
                0x00000000080009f0       0x88 Src/i2s_driver.o
 .text.hal_i2c_rise_time_configuration
                0x0000000008000a78       0x60 Src/i2s_driver.o
 .text.hal_i2c_clk_init
                0x0000000008000ad8       0x4a Src/i2s_driver.o
 .text.hal_i2c_set_addressing_mode
                0x0000000008000b22       0x36 Src/i2s_driver.o
 .text.hal_i2c_manage_ack
                0x0000000008000b58       0x36 Src/i2s_driver.o
                0x0000000008000b58                hal_i2c_manage_ack
 .text.hal_i2c_configure_tx_rx_interrupt
                0x0000000008000b8e       0x36 Src/i2s_driver.o
 .text.hal_i2c_configure_error_interrupt
                0x0000000008000bc4       0x36 Src/i2s_driver.o
 .text.hal_i2c_configure_evt_interrupt
                0x0000000008000bfa       0x36 Src/i2s_driver.o
 .text.hal_i2c_init
                0x0000000008000c30       0x62 Src/i2s_driver.o
                0x0000000008000c30                hal_i2c_init
 .text.hal_i2c_slave_tx
                0x0000000008000c92       0x7c Src/i2s_driver.o
                0x0000000008000c92                hal_i2c_slave_tx
 .text.hal_i2c_slave_rx
                0x0000000008000d0e       0x7c Src/i2s_driver.o
                0x0000000008000d0e                hal_i2c_slave_rx
 *fill*         0x0000000008000d8a        0x2 
 .text.__NVIC_EnableIRQ
                0x0000000008000d8c       0x3c Src/main.o
 .text.main     0x0000000008000dc8      0x1c4 Src/main.o
                0x0000000008000dc8                main
 .text.led_init
                0x0000000008000f8c       0x6c Src/main.o
                0x0000000008000f8c                led_init
 .text.led_toggle
                0x0000000008000ff8       0x3e Src/main.o
                0x0000000008000ff8                led_toggle
 *fill*         0x0000000008001036        0x2 
 .text.i2c_gpio_init
                0x0000000008001038       0x64 Src/main.o
                0x0000000008001038                i2c_gpio_init
 .text.spi_gpio_init
                0x000000000800109c       0x84 Src/main.o
                0x000000000800109c                spi_gpio_init
 .text.button_init
                0x0000000008001120       0x50 Src/main.o
                0x0000000008001120                button_init
 .text.Buffercmp
                0x0000000008001170       0x44 Src/main.o
 .text.EXTI0_IRQHandler
                0x00000000080011b4       0x18 Src/main.o
                0x00000000080011b4                EXTI0_IRQHandler
 .text.SPI2_IRQHandler
                0x00000000080011cc       0x14 Src/main.o
                0x00000000080011cc                SPI2_IRQHandler
 .text.SystemInit
                0x00000000080011e0       0x2c Src/system_stm32f4xx.o
                0x00000000080011e0                SystemInit
 .text.Reset_Handler
                0x000000000800120c       0x50 Startup/startup_stm32f407vgtx.o
                0x000000000800120c                Reset_Handler
 .text.Default_Handler
                0x000000000800125c        0x2 Startup/startup_stm32f407vgtx.o
                0x000000000800125c                RTC_Alarm_IRQHandler
                0x000000000800125c                HASH_RNG_IRQHandler
                0x000000000800125c                EXTI2_IRQHandler
                0x000000000800125c                TIM8_CC_IRQHandler
                0x000000000800125c                DebugMon_Handler
                0x000000000800125c                TIM1_CC_IRQHandler
                0x000000000800125c                DMA2_Stream5_IRQHandler
                0x000000000800125c                HardFault_Handler
                0x000000000800125c                DMA1_Stream5_IRQHandler
                0x000000000800125c                SysTick_Handler
                0x000000000800125c                PVD_IRQHandler
                0x000000000800125c                SDIO_IRQHandler
                0x000000000800125c                TAMP_STAMP_IRQHandler
                0x000000000800125c                PendSV_Handler
                0x000000000800125c                NMI_Handler
                0x000000000800125c                CAN2_RX1_IRQHandler
                0x000000000800125c                EXTI3_IRQHandler
                0x000000000800125c                TIM8_TRG_COM_TIM14_IRQHandler
                0x000000000800125c                TIM1_UP_TIM10_IRQHandler
                0x000000000800125c                TIM8_UP_TIM13_IRQHandler
                0x000000000800125c                I2C3_ER_IRQHandler
                0x000000000800125c                I2C2_EV_IRQHandler
                0x000000000800125c                DMA1_Stream2_IRQHandler
                0x000000000800125c                CAN1_RX0_IRQHandler
                0x000000000800125c                FPU_IRQHandler
                0x000000000800125c                OTG_HS_WKUP_IRQHandler
                0x000000000800125c                UsageFault_Handler
                0x000000000800125c                CAN2_SCE_IRQHandler
                0x000000000800125c                DMA2_Stream2_IRQHandler
                0x000000000800125c                SPI1_IRQHandler
                0x000000000800125c                TIM6_DAC_IRQHandler
                0x000000000800125c                TIM1_BRK_TIM9_IRQHandler
                0x000000000800125c                DCMI_IRQHandler
                0x000000000800125c                CAN2_RX0_IRQHandler
                0x000000000800125c                DMA2_Stream3_IRQHandler
                0x000000000800125c                USART6_IRQHandler
                0x000000000800125c                USART3_IRQHandler
                0x000000000800125c                CAN1_RX1_IRQHandler
                0x000000000800125c                UART5_IRQHandler
                0x000000000800125c                DMA2_Stream0_IRQHandler
                0x000000000800125c                TIM4_IRQHandler
                0x000000000800125c                I2C1_EV_IRQHandler
                0x000000000800125c                DMA1_Stream6_IRQHandler
                0x000000000800125c                DMA1_Stream1_IRQHandler
                0x000000000800125c                UART4_IRQHandler
                0x000000000800125c                TIM3_IRQHandler
                0x000000000800125c                RCC_IRQHandler
                0x000000000800125c                TIM8_BRK_TIM12_IRQHandler
                0x000000000800125c                Default_Handler
                0x000000000800125c                EXTI15_10_IRQHandler
                0x000000000800125c                ADC_IRQHandler
                0x000000000800125c                DMA1_Stream7_IRQHandler
                0x000000000800125c                TIM7_IRQHandler
                0x000000000800125c                CAN2_TX_IRQHandler
                0x000000000800125c                TIM5_IRQHandler
                0x000000000800125c                DMA2_Stream7_IRQHandler
                0x000000000800125c                I2C3_EV_IRQHandler
                0x000000000800125c                EXTI9_5_IRQHandler
                0x000000000800125c                RTC_WKUP_IRQHandler
                0x000000000800125c                ETH_WKUP_IRQHandler
                0x000000000800125c                OTG_HS_EP1_IN_IRQHandler
                0x000000000800125c                MemManage_Handler
                0x000000000800125c                DMA1_Stream0_IRQHandler
                0x000000000800125c                CAN1_TX_IRQHandler
                0x000000000800125c                SVC_Handler
                0x000000000800125c                EXTI4_IRQHandler
                0x000000000800125c                FSMC_IRQHandler
                0x000000000800125c                ETH_IRQHandler
                0x000000000800125c                OTG_HS_EP1_OUT_IRQHandler
                0x000000000800125c                WWDG_IRQHandler
                0x000000000800125c                TIM2_IRQHandler
                0x000000000800125c                OTG_FS_WKUP_IRQHandler
                0x000000000800125c                TIM1_TRG_COM_TIM11_IRQHandler
                0x000000000800125c                OTG_HS_IRQHandler
                0x000000000800125c                EXTI1_IRQHandler
                0x000000000800125c                USART2_IRQHandler
                0x000000000800125c                I2C2_ER_IRQHandler
                0x000000000800125c                DMA2_Stream1_IRQHandler
                0x000000000800125c                CAN1_SCE_IRQHandler
                0x000000000800125c                FLASH_IRQHandler
                0x000000000800125c                DMA2_Stream4_IRQHandler
                0x000000000800125c                BusFault_Handler
                0x000000000800125c                USART1_IRQHandler
                0x000000000800125c                OTG_FS_IRQHandler
                0x000000000800125c                SPI3_IRQHandler
                0x000000000800125c                DMA1_Stream4_IRQHandler
                0x000000000800125c                I2C1_ER_IRQHandler
                0x000000000800125c                DMA2_Stream6_IRQHandler
                0x000000000800125c                DMA1_Stream3_IRQHandler
 *fill*         0x000000000800125e        0x2 
 .text.__libc_init_array
                0x0000000008001260       0x48 c:/st/stm32cubeide_1.6.1/stm32cubeide/plugins/com.st.stm32cube.ide.mcu.externaltools.gnu-tools-for-stm32.9-2020-q2-update.win32_1.5.0.202011040924/tools/bin/../lib/gcc/arm-none-eabi/9.3.1/../../../../arm-none-eabi/lib/thumb/v7e-m+fp/hard\libc_nano.a(lib_a-init.o)
                0x0000000008001260                __libc_init_array
 .text.memset   0x00000000080012a8       0x10 c:/st/stm32cubeide_1.6.1/stm32cubeide/plugins/com.st.stm32cube.ide.mcu.externaltools.gnu-tools-for-stm32.9-2020-q2-update.win32_1.5.0.202011040924/tools/bin/../lib/gcc/arm-none-eabi/9.3.1/../../../../arm-none-eabi/lib/thumb/v7e-m+fp/hard\libc_nano.a(lib_a-memset.o)
                0x00000000080012a8                memset
 *(.glue_7)
 .glue_7        0x00000000080012b8        0x0 linker stubs
 *(.glue_7t)
 .glue_7t       0x00000000080012b8        0x0 linker stubs
 *(.eh_frame)
 .eh_frame      0x00000000080012b8        0x0 c:/st/stm32cubeide_1.6.1/stm32cubeide/plugins/com.st.stm32cube.ide.mcu.externaltools.gnu-tools-for-stm32.9-2020-q2-update.win32_1.5.0.202011040924/tools/bin/../lib/gcc/arm-none-eabi/9.3.1/thumb/v7e-m+fp/hard/crtbegin.o
 *(.init)
 .init          0x00000000080012b8        0x4 c:/st/stm32cubeide_1.6.1/stm32cubeide/plugins/com.st.stm32cube.ide.mcu.externaltools.gnu-tools-for-stm32.9-2020-q2-update.win32_1.5.0.202011040924/tools/bin/../lib/gcc/arm-none-eabi/9.3.1/thumb/v7e-m+fp/hard/crti.o
                0x00000000080012b8                _init
 .init          0x00000000080012bc        0x8 c:/st/stm32cubeide_1.6.1/stm32cubeide/plugins/com.st.stm32cube.ide.mcu.externaltools.gnu-tools-for-stm32.9-2020-q2-update.win32_1.5.0.202011040924/tools/bin/../lib/gcc/arm-none-eabi/9.3.1/thumb/v7e-m+fp/hard/crtn.o
 *(.fini)
 .fini          0x00000000080012c4        0x4 c:/st/stm32cubeide_1.6.1/stm32cubeide/plugins/com.st.stm32cube.ide.mcu.externaltools.gnu-tools-for-stm32.9-2020-q2-update.win32_1.5.0.202011040924/tools/bin/../lib/gcc/arm-none-eabi/9.3.1/thumb/v7e-m+fp/hard/crti.o
                0x00000000080012c4                _fini
 .fini          0x00000000080012c8        0x8 c:/st/stm32cubeide_1.6.1/stm32cubeide/plugins/com.st.stm32cube.ide.mcu.externaltools.gnu-tools-for-stm32.9-2020-q2-update.win32_1.5.0.202011040924/tools/bin/../lib/gcc/arm-none-eabi/9.3.1/thumb/v7e-m+fp/hard/crtn.o
                0x00000000080012d0                . = ALIGN (0x4)
                0x00000000080012d0                _etext = .

.vfp11_veneer   0x00000000080012d0        0x0
 .vfp11_veneer  0x00000000080012d0        0x0 linker stubs

.v4_bx          0x00000000080012d0        0x0
 .v4_bx         0x00000000080012d0        0x0 linker stubs

.iplt           0x00000000080012d0        0x0
 .iplt          0x00000000080012d0        0x0 c:/st/stm32cubeide_1.6.1/stm32cubeide/plugins/com.st.stm32cube.ide.mcu.externaltools.gnu-tools-for-stm32.9-2020-q2-update.win32_1.5.0.202011040924/tools/bin/../lib/gcc/arm-none-eabi/9.3.1/thumb/v7e-m+fp/hard/crtbegin.o

.rel.dyn        0x00000000080012d0        0x0
 .rel.iplt      0x00000000080012d0        0x0 c:/st/stm32cubeide_1.6.1/stm32cubeide/plugins/com.st.stm32cube.ide.mcu.externaltools.gnu-tools-for-stm32.9-2020-q2-update.win32_1.5.0.202011040924/tools/bin/../lib/gcc/arm-none-eabi/9.3.1/thumb/v7e-m+fp/hard/crtbegin.o

.rodata         0x00000000080012d0        0x0
                0x00000000080012d0                . = ALIGN (0x4)
 *(.rodata)
 *(.rodata*)
                0x00000000080012d0                . = ALIGN (0x4)

.ARM.extab      0x00000000080012d0        0x0
                0x00000000080012d0                . = ALIGN (0x4)
 *(.ARM.extab* .gnu.linkonce.armextab.*)
                0x00000000080012d0                . = ALIGN (0x4)

.ARM            0x00000000080012d0        0x0
                0x00000000080012d0                . = ALIGN (0x4)
                0x00000000080012d0                __exidx_start = .
 *(.ARM.exidx*)
                0x00000000080012d0                __exidx_end = .
                0x00000000080012d0                . = ALIGN (0x4)

.preinit_array  0x00000000080012d0        0x0
                0x00000000080012d0                . = ALIGN (0x4)
                0x00000000080012d0                PROVIDE (__preinit_array_start = .)
 *(.preinit_array*)
                0x00000000080012d0                PROVIDE (__preinit_array_end = .)
                0x00000000080012d0                . = ALIGN (0x4)

.init_array     0x00000000080012d0        0x4
                0x00000000080012d0                . = ALIGN (0x4)
                0x00000000080012d0                PROVIDE (__init_array_start = .)
 *(SORT_BY_NAME(.init_array.*))
 *(.init_array*)
 .init_array    0x00000000080012d0        0x4 c:/st/stm32cubeide_1.6.1/stm32cubeide/plugins/com.st.stm32cube.ide.mcu.externaltools.gnu-tools-for-stm32.9-2020-q2-update.win32_1.5.0.202011040924/tools/bin/../lib/gcc/arm-none-eabi/9.3.1/thumb/v7e-m+fp/hard/crtbegin.o
                0x00000000080012d4                PROVIDE (__init_array_end = .)
                0x00000000080012d4                . = ALIGN (0x4)

.fini_array     0x00000000080012d4        0x4
                0x00000000080012d4                . = ALIGN (0x4)
                [!provide]                        PROVIDE (__fini_array_start = .)
 *(SORT_BY_NAME(.fini_array.*))
 *(.fini_array*)
 .fini_array    0x00000000080012d4        0x4 c:/st/stm32cubeide_1.6.1/stm32cubeide/plugins/com.st.stm32cube.ide.mcu.externaltools.gnu-tools-for-stm32.9-2020-q2-update.win32_1.5.0.202011040924/tools/bin/../lib/gcc/arm-none-eabi/9.3.1/thumb/v7e-m+fp/hard/crtbegin.o
                [!provide]                        PROVIDE (__fini_array_end = .)
                0x00000000080012d8                . = ALIGN (0x4)
                0x00000000080012d8                _sidata = LOADADDR (.data)

.data           0x0000000020000000       0x10 load address 0x00000000080012d8
                0x0000000020000000                . = ALIGN (0x4)
                0x0000000020000000                _sdata = .
 *(.data)
 *(.data*)
 .data.master_tx_buffer
                0x0000000020000000        0x5 Src/main.o
                0x0000000020000000                master_tx_buffer
 *fill*         0x0000000020000005        0x3 
 .data.slave_tx_buffer
                0x0000000020000008        0x5 Src/main.o
                0x0000000020000008                slave_tx_buffer
 *(.RamFunc)
 *(.RamFunc*)
                0x0000000020000010                . = ALIGN (0x4)
 *fill*         0x000000002000000d        0x3 
                0x0000000020000010                _edata = .

.igot.plt       0x0000000020000010        0x0 load address 0x00000000080012e8
 .igot.plt      0x0000000020000010        0x0 c:/st/stm32cubeide_1.6.1/stm32cubeide/plugins/com.st.stm32cube.ide.mcu.externaltools.gnu-tools-for-stm32.9-2020-q2-update.win32_1.5.0.202011040924/tools/bin/../lib/gcc/arm-none-eabi/9.3.1/thumb/v7e-m+fp/hard/crtbegin.o
                0x0000000020000010                . = ALIGN (0x4)

.bss            0x0000000020000010       0xb0 load address 0x00000000080012e8
                0x0000000020000010                _sbss = .
                0x0000000020000010                __bss_start__ = _sbss
 *(.bss)
 .bss           0x0000000020000010       0x1c c:/st/stm32cubeide_1.6.1/stm32cubeide/plugins/com.st.stm32cube.ide.mcu.externaltools.gnu-tools-for-stm32.9-2020-q2-update.win32_1.5.0.202011040924/tools/bin/../lib/gcc/arm-none-eabi/9.3.1/thumb/v7e-m+fp/hard/crtbegin.o
 *(.bss*)
 .bss.TestReady
                0x000000002000002c        0x4 Src/main.o
                0x000000002000002c                TestReady
 *(COMMON)
 COMMON         0x0000000020000030       0x8d Src/main.o
                0x0000000020000030                master_write_req
                0x0000000020000034                i2c_handle
                0x0000000020000074                master_rx_buffer
                0x0000000020000079                master_read_req
                0x000000002000007c                slave_rx_buffer
                0x0000000020000084                SpiHandle
                0x00000000200000bc                slave_rcv_cmd
                0x00000000200000c0                . = ALIGN (0x4)
 *fill*         0x00000000200000bd        0x3 
                0x00000000200000c0                _ebss = .
                0x00000000200000c0                __bss_end__ = _ebss

._user_heap_stack
                0x00000000200000c0      0x600 load address 0x00000000080012e8
                0x00000000200000c0                . = ALIGN (0x8)
                [!provide]                        PROVIDE (end = .)
                0x00000000200000c0                PROVIDE (_end = .)
                0x00000000200002c0                . = (. + _Min_Heap_Size)
 *fill*         0x00000000200000c0      0x200 
                0x00000000200006c0                . = (. + _Min_Stack_Size)
 *fill*         0x00000000200002c0      0x400 
                0x00000000200006c0                . = ALIGN (0x8)

/DISCARD/
 libc.a(*)
 libm.a(*)
 libgcc.a(*)

.ARM.attributes
                0x0000000000000000       0x30
 *(.ARM.attributes)
 .ARM.attributes
                0x0000000000000000       0x1e c:/st/stm32cubeide_1.6.1/stm32cubeide/plugins/com.st.stm32cube.ide.mcu.externaltools.gnu-tools-for-stm32.9-2020-q2-update.win32_1.5.0.202011040924/tools/bin/../lib/gcc/arm-none-eabi/9.3.1/thumb/v7e-m+fp/hard/crti.o
 .ARM.attributes
                0x000000000000001e       0x34 c:/st/stm32cubeide_1.6.1/stm32cubeide/plugins/com.st.stm32cube.ide.mcu.externaltools.gnu-tools-for-stm32.9-2020-q2-update.win32_1.5.0.202011040924/tools/bin/../lib/gcc/arm-none-eabi/9.3.1/thumb/v7e-m+fp/hard/crtbegin.o
 .ARM.attributes
                0x0000000000000052       0x34 Src/SPI_driver.o
 .ARM.attributes
                0x0000000000000086       0x34 Src/gpio_driver.o
 .ARM.attributes
                0x00000000000000ba       0x34 Src/i2s_driver.o
 .ARM.attributes
                0x00000000000000ee       0x34 Src/main.o
 .ARM.attributes
                0x0000000000000122       0x34 Src/system_stm32f4xx.o
 .ARM.attributes
                0x0000000000000156       0x21 Startup/startup_stm32f407vgtx.o
 .ARM.attributes
                0x0000000000000177       0x34 c:/st/stm32cubeide_1.6.1/stm32cubeide/plugins/com.st.stm32cube.ide.mcu.externaltools.gnu-tools-for-stm32.9-2020-q2-update.win32_1.5.0.202011040924/tools/bin/../lib/gcc/arm-none-eabi/9.3.1/../../../../arm-none-eabi/lib/thumb/v7e-m+fp/hard\libc_nano.a(lib_a-init.o)
 .ARM.attributes
                0x00000000000001ab       0x34 c:/st/stm32cubeide_1.6.1/stm32cubeide/plugins/com.st.stm32cube.ide.mcu.externaltools.gnu-tools-for-stm32.9-2020-q2-update.win32_1.5.0.202011040924/tools/bin/../lib/gcc/arm-none-eabi/9.3.1/../../../../arm-none-eabi/lib/thumb/v7e-m+fp/hard\libc_nano.a(lib_a-memset.o)
 .ARM.attributes
                0x00000000000001df       0x1e c:/st/stm32cubeide_1.6.1/stm32cubeide/plugins/com.st.stm32cube.ide.mcu.externaltools.gnu-tools-for-stm32.9-2020-q2-update.win32_1.5.0.202011040924/tools/bin/../lib/gcc/arm-none-eabi/9.3.1/thumb/v7e-m+fp/hard/crtn.o
OUTPUT(HAL_DIS.elf elf32-littlearm)
LOAD linker stubs
LOAD c:/st/stm32cubeide_1.6.1/stm32cubeide/plugins/com.st.stm32cube.ide.mcu.externaltools.gnu-tools-for-stm32.9-2020-q2-update.win32_1.5.0.202011040924/tools/bin/../lib/gcc/arm-none-eabi/9.3.1/../../../../arm-none-eabi/lib/thumb/v7e-m+fp/hard\libc.a
LOAD c:/st/stm32cubeide_1.6.1/stm32cubeide/plugins/com.st.stm32cube.ide.mcu.externaltools.gnu-tools-for-stm32.9-2020-q2-update.win32_1.5.0.202011040924/tools/bin/../lib/gcc/arm-none-eabi/9.3.1/../../../../arm-none-eabi/lib/thumb/v7e-m+fp/hard\libm.a
LOAD c:/st/stm32cubeide_1.6.1/stm32cubeide/plugins/com.st.stm32cube.ide.mcu.externaltools.gnu-tools-for-stm32.9-2020-q2-update.win32_1.5.0.202011040924/tools/bin/../lib/gcc/arm-none-eabi/9.3.1/thumb/v7e-m+fp/hard\libgcc.a

.debug_info     0x0000000000000000     0x3687
 .debug_info    0x0000000000000000      0x85f Src/SPI_driver.o
 .debug_info    0x000000000000085f      0x90f Src/gpio_driver.o
 .debug_info    0x000000000000116e      0x8fb Src/i2s_driver.o
 .debug_info    0x0000000000001a69     0x16b6 Src/main.o
 .debug_info    0x000000000000311f      0x546 Src/system_stm32f4xx.o
 .debug_info    0x0000000000003665       0x22 Startup/startup_stm32f407vgtx.o

.debug_abbrev   0x0000000000000000      0xac2
 .debug_abbrev  0x0000000000000000      0x251 Src/SPI_driver.o
 .debug_abbrev  0x0000000000000251      0x205 Src/gpio_driver.o
 .debug_abbrev  0x0000000000000456      0x249 Src/i2s_driver.o
 .debug_abbrev  0x000000000000069f      0x2e8 Src/main.o
 .debug_abbrev  0x0000000000000987      0x129 Src/system_stm32f4xx.o
 .debug_abbrev  0x0000000000000ab0       0x12 Startup/startup_stm32f407vgtx.o

.debug_aranges  0x0000000000000000      0x2f8
 .debug_aranges
                0x0000000000000000       0xd8 Src/SPI_driver.o
 .debug_aranges
                0x00000000000000d8       0x78 Src/gpio_driver.o
 .debug_aranges
                0x0000000000000150       0xe0 Src/i2s_driver.o
 .debug_aranges
                0x0000000000000230       0x78 Src/main.o
 .debug_aranges
                0x00000000000002a8       0x28 Src/system_stm32f4xx.o
 .debug_aranges
                0x00000000000002d0       0x28 Startup/startup_stm32f407vgtx.o

.debug_ranges   0x0000000000000000      0x2a0
 .debug_ranges  0x0000000000000000       0xc8 Src/SPI_driver.o
 .debug_ranges  0x00000000000000c8       0x68 Src/gpio_driver.o
 .debug_ranges  0x0000000000000130       0xd0 Src/i2s_driver.o
 .debug_ranges  0x0000000000000200       0x68 Src/main.o
 .debug_ranges  0x0000000000000268       0x18 Src/system_stm32f4xx.o
 .debug_ranges  0x0000000000000280       0x20 Startup/startup_stm32f407vgtx.o

.debug_macro    0x0000000000000000    0x194ac
 .debug_macro   0x0000000000000000       0xec Src/SPI_driver.o
 .debug_macro   0x00000000000000ec      0xab4 Src/SPI_driver.o
 .debug_macro   0x0000000000000ba0       0x22 Src/SPI_driver.o
 .debug_macro   0x0000000000000bc2       0x8e Src/SPI_driver.o
 .debug_macro   0x0000000000000c50       0x51 Src/SPI_driver.o
 .debug_macro   0x0000000000000ca1      0x103 Src/SPI_driver.o
 .debug_macro   0x0000000000000da4       0x6a Src/SPI_driver.o
 .debug_macro   0x0000000000000e0e      0x1df Src/SPI_driver.o
 .debug_macro   0x0000000000000fed       0x28 Src/SPI_driver.o
 .debug_macro   0x0000000000001015       0x2f Src/SPI_driver.o
 .debug_macro   0x0000000000001044       0x1c Src/SPI_driver.o
 .debug_macro   0x0000000000001060       0x22 Src/SPI_driver.o
 .debug_macro   0x0000000000001082       0xdf Src/SPI_driver.o
 .debug_macro   0x0000000000001161     0x102d Src/SPI_driver.o
 .debug_macro   0x000000000000218e      0x11f Src/SPI_driver.o
 .debug_macro   0x00000000000022ad    0x15e3c Src/SPI_driver.o
 .debug_macro   0x00000000000180e9       0x43 Src/SPI_driver.o
 .debug_macro   0x000000000001812c       0xbe Src/SPI_driver.o
 .debug_macro   0x00000000000181ea      0x148 Src/SPI_driver.o
 .debug_macro   0x0000000000018332       0xdd Src/gpio_driver.o
 .debug_macro   0x000000000001840f       0xec Src/i2s_driver.o
 .debug_macro   0x00000000000184fb      0x1db Src/main.o
 .debug_macro   0x00000000000186d6      0x14e Src/main.o
 .debug_macro   0x0000000000018824      0x1be Src/main.o
 .debug_macro   0x00000000000189e2       0x52 Src/main.o
 .debug_macro   0x0000000000018a34       0x18 Src/main.o
 .debug_macro   0x0000000000018a4c       0x3c Src/main.o
 .debug_macro   0x0000000000018a88       0x34 Src/main.o
 .debug_macro   0x0000000000018abc      0x174 Src/main.o
 .debug_macro   0x0000000000018c30       0x16 Src/main.o
 .debug_macro   0x0000000000018c46       0x43 Src/main.o
 .debug_macro   0x0000000000018c89       0x34 Src/main.o
 .debug_macro   0x0000000000018cbd       0x10 Src/main.o
 .debug_macro   0x0000000000018ccd       0x58 Src/main.o
 .debug_macro   0x0000000000018d25       0x71 Src/main.o
 .debug_macro   0x0000000000018d96       0x1c Src/main.o
 .debug_macro   0x0000000000018db2      0x12a Src/main.o
 .debug_macro   0x0000000000018edc      0x333 Src/main.o
 .debug_macro   0x000000000001920f       0x10 Src/main.o
 .debug_macro   0x000000000001921f       0x35 Src/main.o
 .debug_macro   0x0000000000019254       0x20 Src/main.o
 .debug_macro   0x0000000000019274      0x158 Src/main.o
 .debug_macro   0x00000000000193cc       0xe0 Src/system_stm32f4xx.o

.debug_line     0x0000000000000000     0x2760
 .debug_line    0x0000000000000000      0x8a0 Src/SPI_driver.o
 .debug_line    0x00000000000008a0      0x6d9 Src/gpio_driver.o
 .debug_line    0x0000000000000f79      0x8dd Src/i2s_driver.o
 .debug_line    0x0000000000001856      0x937 Src/main.o
 .debug_line    0x000000000000218d      0x553 Src/system_stm32f4xx.o
 .debug_line    0x00000000000026e0       0x80 Startup/startup_stm32f407vgtx.o

.debug_str      0x0000000000000000    0x8db10
 .debug_str     0x0000000000000000    0x8897f Src/SPI_driver.o
                                      0x88b55 (size before relaxing)
 .debug_str     0x000000000008897f      0x749 Src/gpio_driver.o
                                      0x887a4 (size before relaxing)
 .debug_str     0x00000000000890c8      0xe3e Src/i2s_driver.o
                                      0x88e95 (size before relaxing)
 .debug_str     0x0000000000089f06     0x3adc Src/main.o
                                      0x8d5d8 (size before relaxing)
 .debug_str     0x000000000008d9e2       0xfd Src/system_stm32f4xx.o
                                      0x87d31 (size before relaxing)
 .debug_str     0x000000000008dadf       0x31 Startup/startup_stm32f407vgtx.o
                                         0x6a (size before relaxing)

.comment        0x0000000000000000       0x53
 .comment       0x0000000000000000       0x53 Src/SPI_driver.o
                                         0x54 (size before relaxing)
 .comment       0x0000000000000053       0x54 Src/gpio_driver.o
 .comment       0x0000000000000053       0x54 Src/i2s_driver.o
 .comment       0x0000000000000053       0x54 Src/main.o
 .comment       0x0000000000000053       0x54 Src/system_stm32f4xx.o

.debug_frame    0x0000000000000000      0xbc0
 .debug_frame   0x0000000000000000      0x3a8 Src/SPI_driver.o
 .debug_frame   0x00000000000003a8      0x1e8 Src/gpio_driver.o
 .debug_frame   0x0000000000000590      0x3e0 Src/i2s_driver.o
 .debug_frame   0x0000000000000970      0x1ac Src/main.o
 .debug_frame   0x0000000000000b1c       0x58 Src/system_stm32f4xx.o
 .debug_frame   0x0000000000000b74       0x2c c:/st/stm32cubeide_1.6.1/stm32cubeide/plugins/com.st.stm32cube.ide.mcu.externaltools.gnu-tools-for-stm32.9-2020-q2-update.win32_1.5.0.202011040924/tools/bin/../lib/gcc/arm-none-eabi/9.3.1/../../../../arm-none-eabi/lib/thumb/v7e-m+fp/hard\libc_nano.a(lib_a-init.o)
 .debug_frame   0x0000000000000ba0       0x20 c:/st/stm32cubeide_1.6.1/stm32cubeide/plugins/com.st.stm32cube.ide.mcu.externaltools.gnu-tools-for-stm32.9-2020-q2-update.win32_1.5.0.202011040924/tools/bin/../lib/gcc/arm-none-eabi/9.3.1/../../../../arm-none-eabi/lib/thumb/v7e-m+fp/hard\libc_nano.a(lib_a-memset.o)
