i2c_int_handler.c:21:13:I2C_MasterTransmit_TXE	16	static
i2c_int_handler.c:38:6:HAL_I2C_MemTxCpltCallback	16	static
i2c_int_handler.c:52:6:HAL_I2C_MasterTxCpltCallback	16	static
i2c_int_handler.c:66:6:HAL_I2C_MemRxCpltCallback	16	static
i2c_int_handler.c:80:6:HAL_I2C_SlaveRxCpltCallback	16	static
i2c_int_handler.c:94:6:HAL_I2C_SlaveTxCpltCallback	16	static
i2c_int_handler.c:108:6:HAL_I2C_MasterRxCpltCallback	16	static
i2c_int_handler.c:122:13:I2C_MasterTransmit_BTF	16	static
i2c_int_handler.c:153:13:I2C_MasterReceive_BTF	16	static
i2c_int_handler.c:198:13:I2C_Slave_ADDR	24	static
i2c_int_handler.c:206:6:hal_clear_stop_flag	24	static
i2c_int_handler.c:220:13:I2C_Slave_STOPF	16	static
i2c_int_handler.c:244:13:I2C_Slave_AF	16	static
i2c_int_handler.c:268:13:I2C_SlaveTransmit_TXE	16	static
i2c_int_handler.c:283:13:I2C_SlaveTransmit_BTF	16	static
i2c_int_handler.c:298:13:I2C_MasterReceive_RXNE	24	static
i2c_int_handler.c:338:13:I2C_SlaveReceive_BTF	16	static
i2c_int_handler.c:353:13:I2C_SlaveReceive_RXNE	16	static
i2c_int_handler.c:368:6:HAL_I2C_EV_IRQHandler	32	static
i2c_int_handler.c:460:6:HAL_I2C_ErrorCallback	16	static
i2c_int_handler.c:478:6:HAL_I2C_ER_IRQHandler	32	static
