core_cm4.h:1688:22:__NVIC_EnableIRQ	16	static
main.c:38:5:main	8	static
main.c:274:6:delay_gen	16	static
main.c:280:6:led_init	32	static
main.c:302:6:led_toggle	16	static
main.c:309:6:i2c_gpio_init	32	static
main.c:329:6:spi_gpio_init	32	static
main.c:359:6:assert_error	8	static
main.c:366:6:button_init	32	static
main.c:382:17:Buffercmp	24	static
main.c:401:6:EXTI0_IRQHandler	8	static
main.c:412:6:I2C1_EV_IRQHandler	8	static
main.c:422:6:I2C1_ER_IRQHandler	8	static
main.c:432:6:SPI2_IRQHandler	8	static
