core_cm4.h:1688:22:__NVIC_EnableIRQ	16	static
main.c:55:5:main	8	static
main.c:358:6:delay_gen	16	static
main.c:364:6:led_init	32	static
main.c:386:6:led_toggle	16	static
main.c:393:6:i2c_gpio_init	32	static
main.c:413:6:spi_gpio_init	32	static
main.c:449:6:uart_gpio_init	32	static
main.c:470:6:error_handler	8	static
main.c:476:6:handle_cmd	16	static
main.c:502:6:parse_cmd	16	static
main.c:523:6:app_tx_cmp_callback	16	static
main.c:526:6:app_rx_cmp_callback	16	static
main.c:531:6:assert_error	8	static
main.c:538:6:button_init	32	static
main.c:578:6:EXTI0_IRQHandler	8	static
main.c:589:6:I2C1_EV_IRQHandler	8	static
main.c:599:6:I2C1_ER_IRQHandler	8	static
main.c:609:6:SPI2_IRQHandler	8	static
main.c:614:6:USART2_IRQHandler	8	static
